[2022-10-12T11:22:53.133+0000][0.011s] Heap region size: 1M
[2022-10-12T11:22:53.143+0000][0.021s] Using G1
[2022-10-12T11:22:53.143+0000][0.021s] Heap address: 0x00000000e0000000, size: 512 MB, Compressed Oops mode: 32-bit
[2022-10-12T11:22:53.144+0000][0.021s] Mark closed archive regions in map: [0x00000000ffc00000, 0x00000000ffc65ff8]
[2022-10-12T11:22:53.144+0000][0.022s] Mark open archive regions in map: [0x00000000ff800000, 0x00000000ff842ff8]
[2022-10-12T11:22:53.386+0000][0.264s] GC(0) Pause Young (Normal) (G1 Evacuation Pause)
[2022-10-12T11:22:53.386+0000][0.264s] GC(0) Using 4 workers of 4 for evacuation
[2022-10-12T11:22:53.392+0000][0.269s] GC(0)   Pre Evacuate Collection Set: 0.0ms
[2022-10-12T11:22:53.392+0000][0.270s] GC(0)   Evacuate Collection Set: 3.9ms
[2022-10-12T11:22:53.392+0000][0.270s] GC(0)   Post Evacuate Collection Set: 1.1ms
[2022-10-12T11:22:53.392+0000][0.270s] GC(0)   Other: 0.7ms
[2022-10-12T11:22:53.392+0000][0.270s] GC(0) Eden regions: 25->0(304)
[2022-10-12T11:22:53.392+0000][0.270s] GC(0) Survivor regions: 0->3(4)
[2022-10-12T11:22:53.392+0000][0.270s] GC(0) Old regions: 2->2
[2022-10-12T11:22:53.392+0000][0.270s] GC(0) Humongous regions: 0->0
[2022-10-12T11:22:53.392+0000][0.270s] GC(0) Metaspace: 6731K->6731K(1056768K)
[2022-10-12T11:22:53.393+0000][0.270s] GC(0) Pause Young (Normal) (G1 Evacuation Pause) 25M->3M(512M) 6.680ms
[2022-10-12T11:22:53.393+0000][0.270s] GC(0) User=0.02s Sys=0.00s Real=0.00s
[2022-10-12T11:22:53.758+0000][0.636s] GC(1) Pause Young (Normal) (G1 Evacuation Pause)
[2022-10-12T11:22:53.758+0000][0.636s] GC(1) Using 4 workers of 4 for evacuation
[2022-10-12T11:22:53.768+0000][0.646s] GC(1)   Pre Evacuate Collection Set: 0.0ms
[2022-10-12T11:22:53.768+0000][0.646s] GC(1)   Evacuate Collection Set: 9.7ms
[2022-10-12T11:22:53.769+0000][0.646s] GC(1)   Post Evacuate Collection Set: 0.4ms
[2022-10-12T11:22:53.769+0000][0.646s] GC(1)   Other: 0.3ms
[2022-10-12T11:22:53.769+0000][0.647s] GC(1) Eden regions: 66->0(53)
[2022-10-12T11:22:53.769+0000][0.647s] GC(1) Survivor regions: 3->9(9)
[2022-10-12T11:22:53.769+0000][0.647s] GC(1) Old regions: 2->13
[2022-10-12T11:22:53.769+0000][0.647s] GC(1) Humongous regions: 4->4
[2022-10-12T11:22:53.769+0000][0.647s] GC(1) Metaspace: 17327K->17327K(1064960K)
[2022-10-12T11:22:53.769+0000][0.647s] GC(1) Pause Young (Normal) (G1 Evacuation Pause) 73M->23M(512M) 11.472ms
[2022-10-12T11:22:53.769+0000][0.647s] GC(1) User=0.03s Sys=0.01s Real=0.01s
[2022-10-12T11:22:53.839+0000][0.717s] GC(2) Pause Young (Concurrent Start) (Metadata GC Threshold)
[2022-10-12T11:22:53.839+0000][0.717s] GC(2) Using 4 workers of 4 for evacuation
[2022-10-12T11:22:53.845+0000][0.723s] GC(2)   Pre Evacuate Collection Set: 0.1ms
[2022-10-12T11:22:53.845+0000][0.723s] GC(2)   Evacuate Collection Set: 5.0ms
[2022-10-12T11:22:53.845+0000][0.723s] GC(2)   Post Evacuate Collection Set: 0.3ms
[2022-10-12T11:22:53.845+0000][0.723s] GC(2)   Other: 0.4ms
[2022-10-12T11:22:53.845+0000][0.723s] GC(2) Eden regions: 26->0(49)
[2022-10-12T11:22:53.845+0000][0.723s] GC(2) Survivor regions: 9->1(8)
[2022-10-12T11:22:53.845+0000][0.723s] GC(2) Old regions: 13->22
[2022-10-12T11:22:53.846+0000][0.723s] GC(2) Humongous regions: 4->4
[2022-10-12T11:22:53.846+0000][0.723s] GC(2) Metaspace: 20373K->20373K(1067008K)
[2022-10-12T11:22:53.846+0000][0.724s] GC(2) Pause Young (Concurrent Start) (Metadata GC Threshold) 49M->24M(512M) 6.730ms
[2022-10-12T11:22:53.846+0000][0.724s] GC(2) User=0.02s Sys=0.01s Real=0.01s
[2022-10-12T11:22:53.846+0000][0.724s] GC(3) Concurrent Cycle
[2022-10-12T11:22:53.846+0000][0.724s] GC(3) Concurrent Clear Claimed Marks
[2022-10-12T11:22:53.846+0000][0.724s] GC(3) Concurrent Clear Claimed Marks 0.124ms
[2022-10-12T11:22:53.846+0000][0.724s] GC(3) Concurrent Scan Root Regions
[2022-10-12T11:22:53.847+0000][0.724s] GC(3) Concurrent Scan Root Regions 0.358ms
[2022-10-12T11:22:53.847+0000][0.725s] GC(3) Concurrent Mark (0.725s)
[2022-10-12T11:22:53.847+0000][0.725s] GC(3) Concurrent Mark From Roots
[2022-10-12T11:22:53.847+0000][0.725s] GC(3) Using 1 workers of 1 for marking
[2022-10-12T11:22:53.860+0000][0.738s] GC(3) Concurrent Mark From Roots 12.971ms
[2022-10-12T11:22:53.860+0000][0.738s] GC(3) Concurrent Preclean
[2022-10-12T11:22:53.861+0000][0.738s] GC(3) Concurrent Preclean 0.334ms
[2022-10-12T11:22:53.861+0000][0.738s] GC(3) Concurrent Mark (0.725s, 0.738s) 13.810ms
[2022-10-12T11:22:53.861+0000][0.739s] GC(3) Pause Remark
[2022-10-12T11:22:53.863+0000][0.740s] GC(3) Cleaned string and symbol table, strings: 8944 processed, 0 removed, symbols: 61747 processed, 38 removed
[2022-10-12T11:22:53.863+0000][0.741s] GC(3) Pause Remark 27M->27M(512M) 1.779ms
[2022-10-12T11:22:53.863+0000][0.741s] GC(3) User=0.00s Sys=0.00s Real=0.00s
[2022-10-12T11:22:53.863+0000][0.741s] GC(3) Concurrent Rebuild Remembered Sets
[2022-10-12T11:22:53.875+0000][0.752s] GC(3) Concurrent Rebuild Remembered Sets 11.521ms
[2022-10-12T11:22:53.875+0000][0.753s] GC(3) Pause Cleanup
[2022-10-12T11:22:53.875+0000][0.753s] GC(3) Pause Cleanup 30M->30M(512M) 0.247ms
[2022-10-12T11:22:53.875+0000][0.753s] GC(3) User=0.00s Sys=0.00s Real=0.00s
[2022-10-12T11:22:53.875+0000][0.753s] GC(3) Concurrent Cleanup for Next Mark
[2022-10-12T11:22:53.876+0000][0.754s] GC(3) Concurrent Cleanup for Next Mark 0.387ms
[2022-10-12T11:22:53.876+0000][0.754s] GC(3) Concurrent Cycle 29.949ms
[2022-10-12T11:22:54.137+0000][1.015s] GC(4) Pause Young (Concurrent Start) (G1 Evacuation Pause)
[2022-10-12T11:22:54.138+0000][1.015s] GC(4) Using 4 workers of 4 for evacuation
[2022-10-12T11:22:54.143+0000][1.021s] GC(4)   Pre Evacuate Collection Set: 0.1ms
[2022-10-12T11:22:54.143+0000][1.021s] GC(4)   Evacuate Collection Set: 2.9ms
[2022-10-12T11:22:54.144+0000][1.021s] GC(4)   Post Evacuate Collection Set: 2.4ms
[2022-10-12T11:22:54.144+0000][1.021s] GC(4)   Other: 0.5ms
[2022-10-12T11:22:54.144+0000][1.022s] GC(4) Eden regions: 49->0(69)
[2022-10-12T11:22:54.144+0000][1.022s] GC(4) Survivor regions: 1->3(7)
[2022-10-12T11:22:54.144+0000][1.022s] GC(4) Old regions: 22->22
[2022-10-12T11:22:54.144+0000][1.022s] GC(4) Humongous regions: 4->4
[2022-10-12T11:22:54.144+0000][1.022s] GC(4) Metaspace: 26951K->26951K(1073152K)
[2022-10-12T11:22:54.144+0000][1.022s] GC(4) Pause Young (Concurrent Start) (G1 Evacuation Pause) 73M->26M(512M) 6.990ms
[2022-10-12T11:22:54.144+0000][1.022s] GC(4) User=0.02s Sys=0.00s Real=0.01s
[2022-10-12T11:22:54.145+0000][1.022s] GC(5) Concurrent Cycle
[2022-10-12T11:22:54.145+0000][1.022s] GC(5) Concurrent Clear Claimed Marks
[2022-10-12T11:22:54.145+0000][1.023s] GC(5) Concurrent Clear Claimed Marks 0.197ms
[2022-10-12T11:22:54.145+0000][1.023s] GC(5) Concurrent Scan Root Regions
[2022-10-12T11:22:54.146+0000][1.024s] GC(5) Concurrent Scan Root Regions 1.052ms
[2022-10-12T11:22:54.146+0000][1.024s] GC(5) Concurrent Mark (1.024s)
[2022-10-12T11:22:54.146+0000][1.024s] GC(5) Concurrent Mark From Roots
[2022-10-12T11:22:54.147+0000][1.024s] GC(5) Using 1 workers of 1 for marking
[2022-10-12T11:22:54.163+0000][1.040s] GC(5) Concurrent Mark From Roots 16.216ms
[2022-10-12T11:22:54.163+0000][1.041s] GC(5) Concurrent Preclean
[2022-10-12T11:22:54.163+0000][1.041s] GC(5) Concurrent Preclean 0.193ms
[2022-10-12T11:22:54.163+0000][1.041s] GC(5) Concurrent Mark (1.024s, 1.041s) 16.806ms
[2022-10-12T11:22:54.165+0000][1.043s] GC(5) Pause Remark
[2022-10-12T11:22:54.167+0000][1.045s] GC(5) Cleaned string and symbol table, strings: 12028 processed, 26 removed, symbols: 78178 processed, 37 removed
[2022-10-12T11:22:54.168+0000][1.045s] GC(5) Pause Remark 29M->29M(512M) 2.166ms
[2022-10-12T11:22:54.168+0000][1.046s] GC(5) User=0.01s Sys=0.00s Real=0.00s
[2022-10-12T11:22:54.168+0000][1.046s] GC(5) Concurrent Rebuild Remembered Sets
[2022-10-12T11:22:54.175+0000][1.053s] GC(5) Concurrent Rebuild Remembered Sets 7.542ms
[2022-10-12T11:22:54.176+0000][1.054s] GC(5) Pause Cleanup
[2022-10-12T11:22:54.176+0000][1.054s] GC(5) Pause Cleanup 30M->30M(512M) 0.252ms
[2022-10-12T11:22:54.176+0000][1.054s] GC(5) User=0.00s Sys=0.00s Real=0.00s
[2022-10-12T11:22:54.176+0000][1.054s] GC(5) Concurrent Cleanup for Next Mark
[2022-10-12T11:22:54.177+0000][1.054s] GC(5) Concurrent Cleanup for Next Mark 0.331ms
[2022-10-12T11:22:54.177+0000][1.055s] GC(5) Concurrent Cycle 32.309ms
[2022-10-12T11:22:54.435+0000][1.313s] GC(6) Pause Young (Normal) (G1 Evacuation Pause)
[2022-10-12T11:22:54.436+0000][1.313s] GC(6) Using 4 workers of 4 for evacuation
[2022-10-12T11:22:54.441+0000][1.319s] GC(6)   Pre Evacuate Collection Set: 0.0ms
[2022-10-12T11:22:54.441+0000][1.319s] GC(6)   Evacuate Collection Set: 4.8ms
[2022-10-12T11:22:54.442+0000][1.319s] GC(6)   Post Evacuate Collection Set: 0.5ms
[2022-10-12T11:22:54.442+0000][1.319s] GC(6)   Other: 0.5ms
[2022-10-12T11:22:54.442+0000][1.320s] GC(6) Eden regions: 69->0(143)
[2022-10-12T11:22:54.442+0000][1.320s] GC(6) Survivor regions: 3->6(9)
[2022-10-12T11:22:54.442+0000][1.320s] GC(6) Old regions: 22->22
[2022-10-12T11:22:54.442+0000][1.320s] GC(6) Humongous regions: 4->4
[2022-10-12T11:22:54.442+0000][1.320s] GC(6) Metaspace: 33847K->33847K(1079296K)
[2022-10-12T11:22:54.442+0000][1.320s] GC(6) Pause Young (Normal) (G1 Evacuation Pause) 95M->29M(512M) 6.854ms
[2022-10-12T11:22:54.442+0000][1.320s] GC(6) User=0.01s Sys=0.00s Real=0.00s
[2022-10-12T11:22:54.895+0000][1.773s] GC(7) Pause Young (Normal) (G1 Evacuation Pause)
[2022-10-12T11:22:54.895+0000][1.773s] GC(7) Using 4 workers of 4 for evacuation
[2022-10-12T11:22:54.912+0000][1.790s] GC(7)   Pre Evacuate Collection Set: 0.0ms
[2022-10-12T11:22:54.913+0000][1.790s] GC(7)   Evacuate Collection Set: 16.5ms
[2022-10-12T11:22:54.913+0000][1.790s] GC(7)   Post Evacuate Collection Set: 0.5ms
[2022-10-12T11:22:54.913+0000][1.791s] GC(7)   Other: 0.4ms
[2022-10-12T11:22:54.913+0000][1.791s] GC(7) Eden regions: 143->0(197)
[2022-10-12T11:22:54.913+0000][1.791s] GC(7) Survivor regions: 6->12(19)
[2022-10-12T11:22:54.913+0000][1.791s] GC(7) Old regions: 22->22
[2022-10-12T11:22:54.913+0000][1.791s] GC(7) Humongous regions: 5->4
[2022-10-12T11:22:54.913+0000][1.791s] GC(7) Metaspace: 42622K->42622K(1087488K)
[2022-10-12T11:22:54.913+0000][1.791s] GC(7) Pause Young (Normal) (G1 Evacuation Pause) 173M->35M(512M) 18.384ms
[2022-10-12T11:22:54.914+0000][1.791s] GC(7) User=0.04s Sys=0.00s Real=0.02s
[2022-10-12T11:22:55.023+0000][1.901s] GC(8) Pause Young (Concurrent Start) (Metadata GC Threshold)
[2022-10-12T11:22:55.023+0000][1.901s] GC(8) Using 4 workers of 4 for evacuation
[2022-10-12T11:22:55.031+0000][1.909s] GC(8)   Pre Evacuate Collection Set: 0.2ms
[2022-10-12T11:22:55.031+0000][1.909s] GC(8)   Evacuate Collection Set: 7.1ms
[2022-10-12T11:22:55.031+0000][1.909s] GC(8)   Post Evacuate Collection Set: 0.3ms
[2022-10-12T11:22:55.031+0000][1.909s] GC(8)   Other: 0.4ms
[2022-10-12T11:22:55.031+0000][1.909s] GC(8) Eden regions: 41->0(156)
[2022-10-12T11:22:55.032+0000][1.909s] GC(8) Survivor regions: 12->15(27)
[2022-10-12T11:22:55.032+0000][1.909s] GC(8) Old regions: 22->22
[2022-10-12T11:22:55.032+0000][1.910s] GC(8) Humongous regions: 4->4
[2022-10-12T11:22:55.032+0000][1.910s] GC(8) Metaspace: 45857K->45857K(1091584K)
[2022-10-12T11:22:55.032+0000][1.910s] GC(8) Pause Young (Concurrent Start) (Metadata GC Threshold) 76M->38M(512M) 9.079ms
[2022-10-12T11:22:55.032+0000][1.910s] GC(8) User=0.02s Sys=0.00s Real=0.01s
[2022-10-12T11:22:55.032+0000][1.910s] GC(9) Concurrent Cycle
[2022-10-12T11:22:55.032+0000][1.910s] GC(9) Concurrent Clear Claimed Marks
[2022-10-12T11:22:55.033+0000][1.910s] GC(9) Concurrent Clear Claimed Marks 0.166ms
[2022-10-12T11:22:55.033+0000][1.910s] GC(9) Concurrent Scan Root Regions
[2022-10-12T11:22:55.037+0000][1.915s] GC(9) Concurrent Scan Root Regions 4.728ms
[2022-10-12T11:22:55.037+0000][1.915s] GC(9) Concurrent Mark (1.915s)
[2022-10-12T11:22:55.038+0000][1.915s] GC(9) Concurrent Mark From Roots
[2022-10-12T11:22:55.038+0000][1.915s] GC(9) Using 1 workers of 1 for marking
[2022-10-12T11:22:55.055+0000][1.932s] GC(9) Concurrent Mark From Roots 17.006ms
[2022-10-12T11:22:55.055+0000][1.933s] GC(9) Concurrent Preclean
[2022-10-12T11:22:55.055+0000][1.933s] GC(9) Concurrent Preclean 0.170ms
[2022-10-12T11:22:55.055+0000][1.933s] GC(9) Concurrent Mark (1.915s, 1.933s) 17.570ms
[2022-10-12T11:22:55.055+0000][1.933s] GC(9) Pause Remark
[2022-10-12T11:22:55.060+0000][1.938s] GC(9) Cleaned string and symbol table, strings: 22466 processed, 0 removed, symbols: 131695 processed, 584 removed
[2022-10-12T11:22:55.060+0000][1.938s] GC(9) Pause Remark 44M->44M(512M) 5.020ms
[2022-10-12T11:22:55.061+0000][1.938s] GC(9) User=0.02s Sys=0.00s Real=0.00s
[2022-10-12T11:22:55.061+0000][1.938s] GC(9) Concurrent Rebuild Remembered Sets
[2022-10-12T11:22:55.068+0000][1.946s] GC(9) Concurrent Rebuild Remembered Sets 7.577ms
[2022-10-12T11:22:55.069+0000][1.946s] GC(9) Pause Cleanup
[2022-10-12T11:22:55.069+0000][1.947s] GC(9) Pause Cleanup 44M->44M(512M) 0.227ms
[2022-10-12T11:22:55.069+0000][1.947s] GC(9) User=0.00s Sys=0.00s Real=0.00s
[2022-10-12T11:22:55.069+0000][1.947s] GC(9) Concurrent Cleanup for Next Mark
[2022-10-12T11:22:55.070+0000][1.947s] GC(9) Concurrent Cleanup for Next Mark 0.370ms
[2022-10-12T11:22:55.070+0000][1.947s] GC(9) Concurrent Cycle 37.412ms
[2022-10-12T11:23:39.920+0000][46.799s] GC(10) Pause Young (Normal) (G1 Evacuation Pause)
[2022-10-12T11:23:39.920+0000][46.799s] GC(10) Using 4 workers of 4 for evacuation
[2022-10-12T11:23:39.936+0000][46.814s] GC(10)   Pre Evacuate Collection Set: 0.0ms
[2022-10-12T11:23:39.936+0000][46.814s] GC(10)   Evacuate Collection Set: 10.4ms
[2022-10-12T11:23:39.936+0000][46.814s] GC(10)   Post Evacuate Collection Set: 4.8ms
[2022-10-12T11:23:39.936+0000][46.815s] GC(10)   Other: 0.4ms
[2022-10-12T11:23:39.936+0000][46.815s] GC(10) Eden regions: 156->0(252)
[2022-10-12T11:23:39.936+0000][46.815s] GC(10) Survivor regions: 15->19(22)
[2022-10-12T11:23:39.936+0000][46.815s] GC(10) Old regions: 22->27
[2022-10-12T11:23:39.936+0000][46.815s] GC(10) Humongous regions: 4->4
[2022-10-12T11:23:39.937+0000][46.815s] GC(10) Metaspace: 47014K->47014K(1091584K)
[2022-10-12T11:23:39.937+0000][46.815s] GC(10) Pause Young (Normal) (G1 Evacuation Pause) 194M->47M(512M) 16.682ms
[2022-10-12T11:23:39.937+0000][46.815s] GC(10) User=0.05s Sys=0.01s Real=0.02s
[2022-10-12T11:24:53.542+0000][120.423s] Heap
[2022-10-12T11:24:53.545+0000][120.425s]  garbage-first heap   total 524288K, used 82480K [0x00000000e0000000, 0x0000000100000000)
[2022-10-12T11:24:53.545+0000][120.425s]   region size 1024K, 53 young (54272K), 19 survivors (19456K)
[2022-10-12T11:24:53.545+0000][120.425s]  Metaspace       used 47661K, capacity 48956K, committed 49264K, reserved 1091584K
[2022-10-12T11:24:53.545+0000][120.425s]   class space    used 5785K, capacity 6312K, committed 6348K, reserved 1048576K
