[2022-10-12T11:25:12.021+0000][0.014s] Heap region size: 1M
[2022-10-12T11:25:12.033+0000][0.026s] Using G1
[2022-10-12T11:25:12.035+0000][0.028s] Heap address: 0x00000000e0000000, size: 512 MB, Compressed Oops mode: 32-bit
[2022-10-12T11:25:12.036+0000][0.029s] Mark closed archive regions in map: [0x00000000ffc00000, 0x00000000ffc65ff8]
[2022-10-12T11:25:12.037+0000][0.030s] Mark open archive regions in map: [0x00000000ff800000, 0x00000000ff842ff8]
[2022-10-12T11:25:12.414+0000][0.407s] GC(0) Pause Young (Normal) (G1 Evacuation Pause)
[2022-10-12T11:25:12.417+0000][0.410s] GC(0) Using 4 workers of 4 for evacuation
[2022-10-12T11:25:12.426+0000][0.419s] GC(0)   Pre Evacuate Collection Set: 0.0ms
[2022-10-12T11:25:12.426+0000][0.419s] GC(0)   Evacuate Collection Set: 5.5ms
[2022-10-12T11:25:12.426+0000][0.419s] GC(0)   Post Evacuate Collection Set: 2.7ms
[2022-10-12T11:25:12.426+0000][0.419s] GC(0)   Other: 3.6ms
[2022-10-12T11:25:12.426+0000][0.419s] GC(0) Eden regions: 25->0(304)
[2022-10-12T11:25:12.426+0000][0.419s] GC(0) Survivor regions: 0->3(4)
[2022-10-12T11:25:12.426+0000][0.419s] GC(0) Old regions: 2->2
[2022-10-12T11:25:12.427+0000][0.420s] GC(0) Humongous regions: 0->0
[2022-10-12T11:25:12.427+0000][0.420s] GC(0) Metaspace: 6538K->6538K(1056768K)
[2022-10-12T11:25:12.427+0000][0.420s] GC(0) Pause Young (Normal) (G1 Evacuation Pause) 25M->3M(512M) 12.856ms
[2022-10-12T11:25:12.427+0000][0.420s] GC(0) User=0.02s Sys=0.00s Real=0.01s
[2022-10-12T11:25:12.678+0000][0.671s] GC(1) Pause Young (Normal) (G1 Evacuation Pause)
[2022-10-12T11:25:12.678+0000][0.671s] GC(1) Using 4 workers of 4 for evacuation
[2022-10-12T11:25:12.700+0000][0.693s] GC(1)   Pre Evacuate Collection Set: 0.0ms
[2022-10-12T11:25:12.700+0000][0.693s] GC(1)   Evacuate Collection Set: 20.7ms
[2022-10-12T11:25:12.700+0000][0.693s] GC(1)   Post Evacuate Collection Set: 0.3ms
[2022-10-12T11:25:12.700+0000][0.693s] GC(1)   Other: 0.3ms
[2022-10-12T11:25:12.700+0000][0.693s] GC(1) Eden regions: 23->0(41)
[2022-10-12T11:25:12.700+0000][0.693s] GC(1) Survivor regions: 3->4(4)
[2022-10-12T11:25:12.701+0000][0.694s] GC(1) Old regions: 2->10
[2022-10-12T11:25:12.701+0000][0.694s] GC(1) Humongous regions: 4->4
[2022-10-12T11:25:12.701+0000][0.694s] GC(1) Metaspace: 12657K->12657K(1060864K)
[2022-10-12T11:25:12.701+0000][0.694s] GC(1) Pause Young (Normal) (G1 Evacuation Pause) 30M->16M(512M) 22.924ms
[2022-10-12T11:25:12.701+0000][0.694s] GC(1) User=0.03s Sys=0.01s Real=0.03s
[2022-10-12T11:25:12.924+0000][0.917s] GC(2) Pause Young (Normal) (G1 Evacuation Pause)
[2022-10-12T11:25:12.924+0000][0.917s] GC(2) Using 4 workers of 4 for evacuation
[2022-10-12T11:25:12.930+0000][0.923s] GC(2)   Pre Evacuate Collection Set: 0.0ms
[2022-10-12T11:25:12.931+0000][0.924s] GC(2)   Evacuate Collection Set: 4.4ms
[2022-10-12T11:25:12.931+0000][0.924s] GC(2)   Post Evacuate Collection Set: 1.7ms
[2022-10-12T11:25:12.931+0000][0.924s] GC(2)   Other: 0.4ms
[2022-10-12T11:25:12.931+0000][0.924s] GC(2) Eden regions: 41->0(52)
[2022-10-12T11:25:12.931+0000][0.924s] GC(2) Survivor regions: 4->6(6)
[2022-10-12T11:25:12.932+0000][0.925s] GC(2) Old regions: 10->16
[2022-10-12T11:25:12.932+0000][0.925s] GC(2) Humongous regions: 4->4
[2022-10-12T11:25:12.932+0000][0.925s] GC(2) Metaspace: 16959K->16959K(1064960K)
[2022-10-12T11:25:12.932+0000][0.925s] GC(2) Pause Young (Normal) (G1 Evacuation Pause) 57M->23M(512M) 7.952ms
[2022-10-12T11:25:12.932+0000][0.925s] GC(2) User=0.02s Sys=0.00s Real=0.01s
[2022-10-12T11:25:13.032+0000][1.025s] GC(3) Pause Young (Concurrent Start) (Metadata GC Threshold)
[2022-10-12T11:25:13.032+0000][1.025s] GC(3) Using 4 workers of 4 for evacuation
[2022-10-12T11:25:13.036+0000][1.029s] GC(3)   Pre Evacuate Collection Set: 0.1ms
[2022-10-12T11:25:13.036+0000][1.029s] GC(3)   Evacuate Collection Set: 3.0ms
[2022-10-12T11:25:13.036+0000][1.029s] GC(3)   Post Evacuate Collection Set: 0.2ms
[2022-10-12T11:25:13.036+0000][1.029s] GC(3)   Other: 0.5ms
[2022-10-12T11:25:13.036+0000][1.029s] GC(3) Eden regions: 29->0(57)
[2022-10-12T11:25:13.036+0000][1.029s] GC(3) Survivor regions: 6->1(8)
[2022-10-12T11:25:13.036+0000][1.029s] GC(3) Old regions: 16->22
[2022-10-12T11:25:13.036+0000][1.029s] GC(3) Humongous regions: 4->4
[2022-10-12T11:25:13.036+0000][1.029s] GC(3) Metaspace: 20401K->20401K(1067008K)
[2022-10-12T11:25:13.037+0000][1.030s] GC(3) Pause Young (Concurrent Start) (Metadata GC Threshold) 52M->25M(512M) 4.674ms
[2022-10-12T11:25:13.037+0000][1.030s] GC(3) User=0.01s Sys=0.00s Real=0.00s
[2022-10-12T11:25:13.037+0000][1.030s] GC(4) Concurrent Cycle
[2022-10-12T11:25:13.037+0000][1.030s] GC(4) Concurrent Clear Claimed Marks
[2022-10-12T11:25:13.037+0000][1.030s] GC(4) Concurrent Clear Claimed Marks 0.201ms
[2022-10-12T11:25:13.038+0000][1.031s] GC(4) Concurrent Scan Root Regions
[2022-10-12T11:25:13.038+0000][1.031s] GC(4) Concurrent Scan Root Regions 0.605ms
[2022-10-12T11:25:13.038+0000][1.031s] GC(4) Concurrent Mark (1.031s)
[2022-10-12T11:25:13.039+0000][1.032s] GC(4) Concurrent Mark From Roots
[2022-10-12T11:25:13.039+0000][1.032s] GC(4) Using 1 workers of 1 for marking
[2022-10-12T11:25:13.052+0000][1.045s] GC(4) Concurrent Mark From Roots 13.483ms
[2022-10-12T11:25:13.052+0000][1.045s] GC(4) Concurrent Preclean
[2022-10-12T11:25:13.052+0000][1.045s] GC(4) Concurrent Preclean 0.143ms
[2022-10-12T11:25:13.052+0000][1.045s] GC(4) Concurrent Mark (1.031s, 1.045s) 14.096ms
[2022-10-12T11:25:13.053+0000][1.046s] GC(4) Pause Remark
[2022-10-12T11:25:13.055+0000][1.048s] GC(4) Cleaned string and symbol table, strings: 8969 processed, 23 removed, symbols: 62187 processed, 40 removed
[2022-10-12T11:25:13.055+0000][1.048s] GC(4) Pause Remark 28M->28M(512M) 2.660ms
[2022-10-12T11:25:13.056+0000][1.049s] GC(4) User=0.00s Sys=0.00s Real=0.00s
[2022-10-12T11:25:13.056+0000][1.049s] GC(4) Concurrent Rebuild Remembered Sets
[2022-10-12T11:25:13.064+0000][1.057s] GC(4) Concurrent Rebuild Remembered Sets 7.911ms
[2022-10-12T11:25:13.064+0000][1.057s] GC(4) Pause Cleanup
[2022-10-12T11:25:13.064+0000][1.057s] GC(4) Pause Cleanup 28M->28M(512M) 0.215ms
[2022-10-12T11:25:13.064+0000][1.057s] GC(4) User=0.00s Sys=0.00s Real=0.00s
[2022-10-12T11:25:13.068+0000][1.061s] GC(4) Concurrent Cleanup for Next Mark
[2022-10-12T11:25:13.068+0000][1.061s] GC(4) Concurrent Cleanup for Next Mark 0.393ms
[2022-10-12T11:25:13.068+0000][1.061s] GC(4) Concurrent Cycle 31.487ms
[2022-10-12T11:25:13.390+0000][1.383s] GC(5) Pause Young (Concurrent Start) (G1 Evacuation Pause)
[2022-10-12T11:25:13.391+0000][1.384s] GC(5) Using 4 workers of 4 for evacuation
[2022-10-12T11:25:13.400+0000][1.393s] GC(5)   Pre Evacuate Collection Set: 0.1ms
[2022-10-12T11:25:13.400+0000][1.393s] GC(5)   Evacuate Collection Set: 4.9ms
[2022-10-12T11:25:13.401+0000][1.394s] GC(5)   Post Evacuate Collection Set: 2.2ms
[2022-10-12T11:25:13.401+0000][1.394s] GC(5)   Other: 2.6ms
[2022-10-12T11:25:13.401+0000][1.394s] GC(5) Eden regions: 57->0(94)
[2022-10-12T11:25:13.401+0000][1.394s] GC(5) Survivor regions: 1->2(8)
[2022-10-12T11:25:13.401+0000][1.394s] GC(5) Old regions: 22->22
[2022-10-12T11:25:13.401+0000][1.394s] GC(5) Humongous regions: 4->4
[2022-10-12T11:25:13.401+0000][1.394s] GC(5) Metaspace: 26773K->26773K(1073152K)
[2022-10-12T11:25:13.402+0000][1.395s] GC(5) Pause Young (Concurrent Start) (G1 Evacuation Pause) 82M->26M(512M) 11.136ms
[2022-10-12T11:25:13.402+0000][1.395s] GC(5) User=0.02s Sys=0.00s Real=0.02s
[2022-10-12T11:25:13.402+0000][1.395s] GC(6) Concurrent Cycle
[2022-10-12T11:25:13.402+0000][1.395s] GC(6) Concurrent Clear Claimed Marks
[2022-10-12T11:25:13.402+0000][1.395s] GC(6) Concurrent Clear Claimed Marks 0.191ms
[2022-10-12T11:25:13.402+0000][1.395s] GC(6) Concurrent Scan Root Regions
[2022-10-12T11:25:13.403+0000][1.396s] GC(6) Concurrent Scan Root Regions 1.042ms
[2022-10-12T11:25:13.403+0000][1.396s] GC(6) Concurrent Mark (1.396s)
[2022-10-12T11:25:13.404+0000][1.397s] GC(6) Concurrent Mark From Roots
[2022-10-12T11:25:13.404+0000][1.397s] GC(6) Using 1 workers of 1 for marking
[2022-10-12T11:25:13.423+0000][1.416s] GC(6) Concurrent Mark From Roots 19.622ms
[2022-10-12T11:25:13.423+0000][1.416s] GC(6) Concurrent Preclean
[2022-10-12T11:25:13.424+0000][1.417s] GC(6) Concurrent Preclean 0.229ms
[2022-10-12T11:25:13.424+0000][1.417s] GC(6) Concurrent Mark (1.396s, 1.417s) 20.322ms
[2022-10-12T11:25:13.424+0000][1.417s] GC(6) Pause Remark
[2022-10-12T11:25:13.436+0000][1.429s] GC(6) Cleaned string and symbol table, strings: 11987 processed, 3 removed, symbols: 78188 processed, 35 removed
[2022-10-12T11:25:13.437+0000][1.430s] GC(6) Pause Remark 30M->30M(512M) 12.670ms
[2022-10-12T11:25:13.437+0000][1.430s] GC(6) User=0.03s Sys=0.00s Real=0.01s
[2022-10-12T11:25:13.437+0000][1.430s] GC(6) Concurrent Rebuild Remembered Sets
[2022-10-12T11:25:13.445+0000][1.438s] GC(6) Concurrent Rebuild Remembered Sets 8.009ms
[2022-10-12T11:25:13.447+0000][1.440s] GC(6) Pause Cleanup
[2022-10-12T11:25:13.448+0000][1.441s] GC(6) Pause Cleanup 31M->31M(512M) 0.274ms
[2022-10-12T11:25:13.448+0000][1.441s] GC(6) User=0.00s Sys=0.00s Real=0.00s
[2022-10-12T11:25:13.448+0000][1.441s] GC(6) Concurrent Cleanup for Next Mark
[2022-10-12T11:25:13.448+0000][1.441s] GC(6) Concurrent Cleanup for Next Mark 0.319ms
[2022-10-12T11:25:13.448+0000][1.441s] GC(6) Concurrent Cycle 46.475ms
[2022-10-12T12:00:19.883+0000][2107.823s] GC(7) Pause Young (Normal) (G1 Evacuation Pause)
[2022-10-12T12:00:19.885+0000][2107.825s] GC(7) Using 4 workers of 4 for evacuation
[2022-10-12T12:00:19.946+0000][2107.886s] GC(7)   Pre Evacuate Collection Set: 1.1ms
[2022-10-12T12:00:19.946+0000][2107.886s] GC(7)   Evacuate Collection Set: 56.9ms
[2022-10-12T12:00:19.946+0000][2107.886s] GC(7)   Post Evacuate Collection Set: 1.2ms
[2022-10-12T12:00:19.947+0000][2107.887s] GC(7)   Other: 4.5ms
[2022-10-12T12:00:19.947+0000][2107.887s] GC(7) Eden regions: 98->0(122)
[2022-10-12T12:00:19.947+0000][2107.887s] GC(7) Survivor regions: 2->7(13)
[2022-10-12T12:00:19.947+0000][2107.887s] GC(7) Old regions: 22->22
[2022-10-12T12:00:19.947+0000][2107.887s] GC(7) Humongous regions: 4->4
[2022-10-12T12:00:19.947+0000][2107.887s] GC(7) Metaspace: 34885K->34885K(1081344K)
[2022-10-12T12:00:19.947+0000][2107.887s] GC(7) Pause Young (Normal) (G1 Evacuation Pause) 124M->30M(512M) 64.620ms
[2022-10-12T12:00:19.947+0000][2107.887s] GC(7) User=0.22s Sys=0.00s Real=0.07s
[2022-10-12T12:26:11.728+0000][3659.636s] Heap
[2022-10-12T12:26:11.728+0000][3659.636s]  garbage-first heap   total 524288K, used 47017K [0x00000000e0000000, 0x0000000100000000)
[2022-10-12T12:26:11.728+0000][3659.637s]   region size 1024K, 23 young (23552K), 7 survivors (7168K)
[2022-10-12T12:26:11.728+0000][3659.637s]  Metaspace       used 35171K, capacity 36220K, committed 36424K, reserved 1081344K
[2022-10-12T12:26:11.728+0000][3659.637s]   class space    used 4217K, capacity 4630K, committed 4736K, reserved 1048576K
