[2022-10-15T13:21:40.307+0000][0.011s] Heap region size: 1M
[2022-10-15T13:21:40.320+0000][0.023s] Using G1
[2022-10-15T13:21:40.320+0000][0.024s] Heap address: 0x00000000e0000000, size: 512 MB, Compressed Oops mode: 32-bit
[2022-10-15T13:21:40.320+0000][0.024s] Mark closed archive regions in map: [0x00000000ffc00000, 0x00000000ffc65ff8]
[2022-10-15T13:21:40.320+0000][0.024s] Mark open archive regions in map: [0x00000000ff800000, 0x00000000ff842ff8]
[2022-10-15T13:21:40.673+0000][0.377s] GC(0) Pause Young (Normal) (G1 Evacuation Pause)
[2022-10-15T13:21:40.673+0000][0.377s] GC(0) Using 4 workers of 4 for evacuation
[2022-10-15T13:21:40.686+0000][0.389s] GC(0)   Pre Evacuate Collection Set: 0.0ms
[2022-10-15T13:21:40.686+0000][0.390s] GC(0)   Evacuate Collection Set: 11.3ms
[2022-10-15T13:21:40.686+0000][0.390s] GC(0)   Post Evacuate Collection Set: 1.0ms
[2022-10-15T13:21:40.686+0000][0.390s] GC(0)   Other: 0.5ms
[2022-10-15T13:21:40.686+0000][0.390s] GC(0) Eden regions: 25->0(304)
[2022-10-15T13:21:40.686+0000][0.390s] GC(0) Survivor regions: 0->3(4)
[2022-10-15T13:21:40.686+0000][0.390s] GC(0) Old regions: 2->2
[2022-10-15T13:21:40.687+0000][0.390s] GC(0) Humongous regions: 0->0
[2022-10-15T13:21:40.687+0000][0.390s] GC(0) Metaspace: 6404K->6404K(1056768K)
[2022-10-15T13:21:40.687+0000][0.390s] GC(0) Pause Young (Normal) (G1 Evacuation Pause) 25M->3M(512M) 13.692ms
[2022-10-15T13:21:40.687+0000][0.390s] GC(0) User=0.02s Sys=0.00s Real=0.01s
[2022-10-15T13:21:41.030+0000][0.734s] GC(1) Pause Young (Normal) (G1 Evacuation Pause)
[2022-10-15T13:21:41.030+0000][0.734s] GC(1) Using 4 workers of 4 for evacuation
[2022-10-15T13:21:41.042+0000][0.746s] GC(1)   Pre Evacuate Collection Set: 0.0ms
[2022-10-15T13:21:41.043+0000][0.746s] GC(1)   Evacuate Collection Set: 11.4ms
[2022-10-15T13:21:41.043+0000][0.746s] GC(1)   Post Evacuate Collection Set: 0.3ms
[2022-10-15T13:21:41.043+0000][0.746s] GC(1)   Other: 0.5ms
[2022-10-15T13:21:41.043+0000][0.747s] GC(1) Eden regions: 34->0(40)
[2022-10-15T13:21:41.043+0000][0.747s] GC(1) Survivor regions: 3->5(5)
[2022-10-15T13:21:41.043+0000][0.747s] GC(1) Old regions: 2->10
[2022-10-15T13:21:41.043+0000][0.747s] GC(1) Humongous regions: 4->4
[2022-10-15T13:21:41.043+0000][0.747s] GC(1) Metaspace: 14845K->14845K(1062912K)
[2022-10-15T13:21:41.044+0000][0.747s] GC(1) Pause Young (Normal) (G1 Evacuation Pause) 41M->17M(512M) 13.359ms
[2022-10-15T13:21:41.044+0000][0.747s] GC(1) User=0.03s Sys=0.00s Real=0.01s
[2022-10-15T13:21:41.233+0000][0.936s] GC(2) Pause Young (Normal) (G1 Evacuation Pause)
[2022-10-15T13:21:41.233+0000][0.936s] GC(2) Using 4 workers of 4 for evacuation
[2022-10-15T13:21:41.242+0000][0.945s] GC(2)   Pre Evacuate Collection Set: 0.0ms
[2022-10-15T13:21:41.242+0000][0.946s] GC(2)   Evacuate Collection Set: 6.1ms
[2022-10-15T13:21:41.242+0000][0.946s] GC(2)   Post Evacuate Collection Set: 2.7ms
[2022-10-15T13:21:41.242+0000][0.946s] GC(2)   Other: 0.5ms
[2022-10-15T13:21:41.243+0000][0.946s] GC(2) Eden regions: 40->0(50)
[2022-10-15T13:21:41.243+0000][0.946s] GC(2) Survivor regions: 5->6(6)
[2022-10-15T13:21:41.243+0000][0.946s] GC(2) Old regions: 10->16
[2022-10-15T13:21:41.243+0000][0.946s] GC(2) Humongous regions: 4->4
[2022-10-15T13:21:41.243+0000][0.947s] GC(2) Metaspace: 18525K->18525K(1067008K)
[2022-10-15T13:21:41.243+0000][0.947s] GC(2) Pause Young (Normal) (G1 Evacuation Pause) 57M->23M(512M) 10.664ms
[2022-10-15T13:21:41.243+0000][0.947s] GC(2) User=0.02s Sys=0.01s Real=0.01s
[2022-10-15T13:21:41.298+0000][1.002s] GC(3) Pause Young (Concurrent Start) (Metadata GC Threshold)
[2022-10-15T13:21:41.299+0000][1.002s] GC(3) Using 4 workers of 4 for evacuation
[2022-10-15T13:21:41.303+0000][1.006s] GC(3)   Pre Evacuate Collection Set: 0.1ms
[2022-10-15T13:21:41.303+0000][1.007s] GC(3)   Evacuate Collection Set: 3.8ms
[2022-10-15T13:21:41.303+0000][1.007s] GC(3)   Post Evacuate Collection Set: 0.3ms
[2022-10-15T13:21:41.303+0000][1.007s] GC(3)   Other: 0.5ms
[2022-10-15T13:21:41.303+0000][1.007s] GC(3) Eden regions: 19->0(55)
[2022-10-15T13:21:41.303+0000][1.007s] GC(3) Survivor regions: 6->1(7)
[2022-10-15T13:21:41.304+0000][1.007s] GC(3) Old regions: 16->22
[2022-10-15T13:21:41.304+0000][1.007s] GC(3) Humongous regions: 4->4
[2022-10-15T13:21:41.304+0000][1.007s] GC(3) Metaspace: 20516K->20516K(1067008K)
[2022-10-15T13:21:41.304+0000][1.007s] GC(3) Pause Young (Concurrent Start) (Metadata GC Threshold) 42M->24M(512M) 5.428ms
[2022-10-15T13:21:41.304+0000][1.007s] GC(3) User=0.01s Sys=0.01s Real=0.01s
[2022-10-15T13:21:41.304+0000][1.007s] GC(4) Concurrent Cycle
[2022-10-15T13:21:41.304+0000][1.008s] GC(4) Concurrent Clear Claimed Marks
[2022-10-15T13:21:41.304+0000][1.008s] GC(4) Concurrent Clear Claimed Marks 0.170ms
[2022-10-15T13:21:41.304+0000][1.008s] GC(4) Concurrent Scan Root Regions
[2022-10-15T13:21:41.305+0000][1.008s] GC(4) Concurrent Scan Root Regions 0.358ms
[2022-10-15T13:21:41.305+0000][1.008s] GC(4) Concurrent Mark (1.008s)
[2022-10-15T13:21:41.305+0000][1.009s] GC(4) Concurrent Mark From Roots
[2022-10-15T13:21:41.305+0000][1.009s] GC(4) Using 1 workers of 1 for marking
[2022-10-15T13:21:41.317+0000][1.021s] GC(4) Concurrent Mark From Roots 12.083ms
[2022-10-15T13:21:41.317+0000][1.021s] GC(4) Concurrent Preclean
[2022-10-15T13:21:41.317+0000][1.021s] GC(4) Concurrent Preclean 0.206ms
[2022-10-15T13:21:41.318+0000][1.021s] GC(4) Concurrent Mark (1.008s, 1.021s) 12.624ms
[2022-10-15T13:21:41.318+0000][1.021s] GC(4) Pause Remark
[2022-10-15T13:21:41.322+0000][1.026s] GC(4) Cleaned string and symbol table, strings: 8904 processed, 25 removed, symbols: 61747 processed, 38 removed
[2022-10-15T13:21:41.322+0000][1.026s] GC(4) Pause Remark 25M->25M(512M) 4.742ms
[2022-10-15T13:21:41.323+0000][1.026s] GC(4) User=0.01s Sys=0.00s Real=0.01s
[2022-10-15T13:21:41.323+0000][1.026s] GC(4) Concurrent Rebuild Remembered Sets
[2022-10-15T13:21:41.331+0000][1.034s] GC(4) Concurrent Rebuild Remembered Sets 7.964ms
[2022-10-15T13:21:41.331+0000][1.035s] GC(4) Pause Cleanup
[2022-10-15T13:21:41.331+0000][1.035s] GC(4) Pause Cleanup 28M->28M(512M) 0.173ms
[2022-10-15T13:21:41.331+0000][1.035s] GC(4) User=0.00s Sys=0.00s Real=0.00s
[2022-10-15T13:21:41.331+0000][1.035s] GC(4) Concurrent Cleanup for Next Mark
[2022-10-15T13:21:41.332+0000][1.035s] GC(4) Concurrent Cleanup for Next Mark 0.254ms
[2022-10-15T13:21:41.332+0000][1.035s] GC(4) Concurrent Cycle 27.876ms
[2022-10-15T13:21:41.691+0000][1.395s] GC(5) Pause Young (Normal) (G1 Evacuation Pause)
[2022-10-15T13:21:41.692+0000][1.395s] GC(5) Using 4 workers of 4 for evacuation
[2022-10-15T13:21:41.695+0000][1.399s] GC(5)   Pre Evacuate Collection Set: 0.0ms
[2022-10-15T13:21:41.695+0000][1.399s] GC(5)   Evacuate Collection Set: 3.0ms
[2022-10-15T13:21:41.695+0000][1.399s] GC(5)   Post Evacuate Collection Set: 0.4ms
[2022-10-15T13:21:41.696+0000][1.399s] GC(5)   Other: 0.4ms
[2022-10-15T13:21:41.696+0000][1.399s] GC(5) Eden regions: 55->0(152)
[2022-10-15T13:21:41.696+0000][1.399s] GC(5) Survivor regions: 1->3(7)
[2022-10-15T13:21:41.696+0000][1.399s] GC(5) Old regions: 22->22
[2022-10-15T13:21:41.696+0000][1.399s] GC(5) Humongous regions: 4->4
[2022-10-15T13:21:41.696+0000][1.400s] GC(5) Metaspace: 26852K->26852K(1073152K)
[2022-10-15T13:21:41.696+0000][1.400s] GC(5) Pause Young (Normal) (G1 Evacuation Pause) 79M->26M(512M) 4.821ms
[2022-10-15T13:21:41.696+0000][1.400s] GC(5) User=0.00s Sys=0.01s Real=0.00s
[2022-10-15T13:21:42.103+0000][1.806s] GC(6) Pause Young (Concurrent Start) (Metadata GC Threshold)
[2022-10-15T13:21:42.103+0000][1.806s] GC(6) Using 4 workers of 4 for evacuation
[2022-10-15T13:21:42.113+0000][1.817s] GC(6)   Pre Evacuate Collection Set: 0.1ms
[2022-10-15T13:21:42.114+0000][1.817s] GC(6)   Evacuate Collection Set: 9.5ms
[2022-10-15T13:21:42.114+0000][1.817s] GC(6)   Post Evacuate Collection Set: 0.6ms
[2022-10-15T13:21:42.114+0000][1.817s] GC(6)   Other: 0.5ms
[2022-10-15T13:21:42.114+0000][1.817s] GC(6) Eden regions: 86->0(158)
[2022-10-15T13:21:42.114+0000][1.818s] GC(6) Survivor regions: 3->10(20)
[2022-10-15T13:21:42.114+0000][1.818s] GC(6) Old regions: 22->22
[2022-10-15T13:21:42.114+0000][1.818s] GC(6) Humongous regions: 7->5
[2022-10-15T13:21:42.114+0000][1.818s] GC(6) Metaspace: 34551K->34551K(1081344K)
[2022-10-15T13:21:42.115+0000][1.818s] GC(6) Pause Young (Concurrent Start) (Metadata GC Threshold) 115M->34M(512M) 11.978ms
[2022-10-15T13:21:42.115+0000][1.818s] GC(6) User=0.02s Sys=0.01s Real=0.01s
[2022-10-15T13:21:42.115+0000][1.818s] GC(7) Concurrent Cycle
[2022-10-15T13:21:42.115+0000][1.819s] GC(7) Concurrent Clear Claimed Marks
[2022-10-15T13:21:42.115+0000][1.819s] GC(7) Concurrent Clear Claimed Marks 0.193ms
[2022-10-15T13:21:42.116+0000][1.819s] GC(7) Concurrent Scan Root Regions
[2022-10-15T13:21:42.118+0000][1.822s] GC(7) Concurrent Scan Root Regions 2.446ms
[2022-10-15T13:21:42.118+0000][1.822s] GC(7) Concurrent Mark (1.822s)
[2022-10-15T13:21:42.119+0000][1.822s] GC(7) Concurrent Mark From Roots
[2022-10-15T13:21:42.119+0000][1.822s] GC(7) Using 1 workers of 1 for marking
[2022-10-15T13:21:42.132+0000][1.835s] GC(7) Concurrent Mark From Roots 13.226ms
[2022-10-15T13:21:42.132+0000][1.836s] GC(7) Concurrent Preclean
[2022-10-15T13:21:42.132+0000][1.836s] GC(7) Concurrent Preclean 0.202ms
[2022-10-15T13:21:42.132+0000][1.836s] GC(7) Concurrent Mark (1.822s, 1.836s) 13.914ms
[2022-10-15T13:21:42.133+0000][1.836s] GC(7) Pause Remark
[2022-10-15T13:21:42.141+0000][1.844s] GC(7) Cleaned string and symbol table, strings: 15420 processed, 1 removed, symbols: 104028 processed, 77 removed
[2022-10-15T13:21:42.143+0000][1.846s] GC(7) Pause Remark 39M->39M(512M) 9.921ms
[2022-10-15T13:21:42.143+0000][1.846s] GC(7) User=0.01s Sys=0.00s Real=0.01s
[2022-10-15T13:21:42.143+0000][1.846s] GC(7) Concurrent Rebuild Remembered Sets
[2022-10-15T13:21:42.152+0000][1.855s] GC(7) Concurrent Rebuild Remembered Sets 8.947ms
[2022-10-15T13:21:42.152+0000][1.856s] GC(7) Pause Cleanup
[2022-10-15T13:21:42.152+0000][1.856s] GC(7) Pause Cleanup 41M->41M(512M) 0.163ms
[2022-10-15T13:21:42.152+0000][1.856s] GC(7) User=0.00s Sys=0.00s Real=0.00s
[2022-10-15T13:21:42.153+0000][1.856s] GC(7) Concurrent Cleanup for Next Mark
[2022-10-15T13:21:42.153+0000][1.856s] GC(7) Concurrent Cleanup for Next Mark 0.393ms
[2022-10-15T13:21:42.153+0000][1.857s] GC(7) Concurrent Cycle 38.180ms
[2022-10-15T13:21:42.900+0000][2.604s] GC(8) Pause Young (Concurrent Start) (G1 Evacuation Pause)
[2022-10-15T13:21:42.900+0000][2.604s] GC(8) Using 4 workers of 4 for evacuation
[2022-10-15T13:21:42.909+0000][2.612s] GC(8)   Pre Evacuate Collection Set: 0.1ms
[2022-10-15T13:21:42.909+0000][2.613s] GC(8)   Evacuate Collection Set: 7.7ms
[2022-10-15T13:21:42.909+0000][2.613s] GC(8)   Post Evacuate Collection Set: 0.4ms
[2022-10-15T13:21:42.909+0000][2.613s] GC(8)   Other: 0.4ms
[2022-10-15T13:21:42.909+0000][2.613s] GC(8) Eden regions: 165->0(203)
[2022-10-15T13:21:42.909+0000][2.613s] GC(8) Survivor regions: 10->16(22)
[2022-10-15T13:21:42.909+0000][2.613s] GC(8) Old regions: 22->22
[2022-10-15T13:21:42.909+0000][2.613s] GC(8) Humongous regions: 7->7
[2022-10-15T13:21:42.910+0000][2.613s] GC(8) Metaspace: 41441K->41441K(1087488K)
[2022-10-15T13:21:42.910+0000][2.613s] GC(8) Pause Young (Concurrent Start) (G1 Evacuation Pause) 201M->42M(512M) 9.367ms
[2022-10-15T13:21:42.910+0000][2.613s] GC(8) User=0.02s Sys=0.01s Real=0.01s
[2022-10-15T13:21:42.910+0000][2.613s] GC(9) Concurrent Cycle
[2022-10-15T13:21:42.910+0000][2.613s] GC(9) Concurrent Clear Claimed Marks
[2022-10-15T13:21:42.910+0000][2.614s] GC(9) Concurrent Clear Claimed Marks 0.151ms
[2022-10-15T13:21:42.910+0000][2.614s] GC(9) Concurrent Scan Root Regions
[2022-10-15T13:21:42.914+0000][2.617s] GC(9) Concurrent Scan Root Regions 3.263ms
[2022-10-15T13:21:42.914+0000][2.617s] GC(9) Concurrent Mark (2.617s)
[2022-10-15T13:21:42.914+0000][2.617s] GC(9) Concurrent Mark From Roots
[2022-10-15T13:21:42.914+0000][2.618s] GC(9) Using 1 workers of 1 for marking
[2022-10-15T13:21:42.927+0000][2.630s] GC(9) Concurrent Mark From Roots 12.670ms
[2022-10-15T13:21:42.927+0000][2.630s] GC(9) Concurrent Preclean
[2022-10-15T13:21:42.927+0000][2.631s] GC(9) Concurrent Preclean 0.216ms
[2022-10-15T13:21:42.927+0000][2.631s] GC(9) Concurrent Mark (2.617s, 2.631s) 13.511ms
[2022-10-15T13:21:42.930+0000][2.633s] GC(9) Pause Remark
[2022-10-15T13:21:42.932+0000][2.636s] GC(9) Cleaned string and symbol table, strings: 18365 processed, 0 removed, symbols: 122051 processed, 193 removed
[2022-10-15T13:21:42.932+0000][2.636s] GC(9) Pause Remark 49M->49M(512M) 2.559ms
[2022-10-15T13:21:42.933+0000][2.636s] GC(9) User=0.01s Sys=0.00s Real=0.00s
[2022-10-15T13:21:42.933+0000][2.636s] GC(9) Concurrent Rebuild Remembered Sets
[2022-10-15T13:21:42.951+0000][2.655s] GC(9) Concurrent Rebuild Remembered Sets 18.277ms
[2022-10-15T13:21:42.951+0000][2.655s] GC(9) Pause Cleanup
[2022-10-15T13:21:42.952+0000][2.655s] GC(9) Pause Cleanup 59M->59M(512M) 0.238ms
[2022-10-15T13:21:42.952+0000][2.655s] GC(9) User=0.00s Sys=0.00s Real=0.00s
[2022-10-15T13:21:42.952+0000][2.655s] GC(9) Concurrent Cleanup for Next Mark
[2022-10-15T13:21:42.952+0000][2.656s] GC(9) Concurrent Cleanup for Next Mark 0.396ms
[2022-10-15T13:21:42.952+0000][2.656s] GC(9) Concurrent Cycle 42.527ms
