[2022-10-12T11:22:12.139+0000][0.010s] Heap region size: 1M
[2022-10-12T11:22:12.148+0000][0.018s] Using G1
[2022-10-12T11:22:12.148+0000][0.019s] Heap address: 0x00000000e0000000, size: 512 MB, Compressed Oops mode: 32-bit
[2022-10-12T11:22:12.148+0000][0.019s] Mark closed archive regions in map: [0x00000000ffc00000, 0x00000000ffc65ff8]
[2022-10-12T11:22:12.149+0000][0.019s] Mark open archive regions in map: [0x00000000ff800000, 0x00000000ff842ff8]
[2022-10-12T11:22:12.405+0000][0.276s] GC(0) Pause Young (Normal) (G1 Evacuation Pause)
[2022-10-12T11:22:12.406+0000][0.277s] GC(0) Using 4 workers of 4 for evacuation
[2022-10-12T11:22:12.413+0000][0.283s] GC(0)   Pre Evacuate Collection Set: 0.0ms
[2022-10-12T11:22:12.413+0000][0.283s] GC(0)   Evacuate Collection Set: 6.0ms
[2022-10-12T11:22:12.413+0000][0.283s] GC(0)   Post Evacuate Collection Set: 0.4ms
[2022-10-12T11:22:12.413+0000][0.284s] GC(0)   Other: 0.7ms
[2022-10-12T11:22:12.413+0000][0.284s] GC(0) Eden regions: 25->0(304)
[2022-10-12T11:22:12.413+0000][0.284s] GC(0) Survivor regions: 0->3(4)
[2022-10-12T11:22:12.413+0000][0.284s] GC(0) Old regions: 2->2
[2022-10-12T11:22:12.413+0000][0.284s] GC(0) Humongous regions: 0->0
[2022-10-12T11:22:12.413+0000][0.284s] GC(0) Metaspace: 6707K->6707K(1056768K)
[2022-10-12T11:22:12.414+0000][0.284s] GC(0) Pause Young (Normal) (G1 Evacuation Pause) 25M->3M(512M) 8.130ms
[2022-10-12T11:22:12.414+0000][0.284s] GC(0) User=0.02s Sys=0.00s Real=0.00s
[2022-10-12T11:22:12.757+0000][0.627s] GC(1) Pause Young (Normal) (G1 Evacuation Pause)
[2022-10-12T11:22:12.757+0000][0.628s] GC(1) Using 4 workers of 4 for evacuation
[2022-10-12T11:22:12.768+0000][0.639s] GC(1)   Pre Evacuate Collection Set: 0.0ms
[2022-10-12T11:22:12.768+0000][0.639s] GC(1)   Evacuate Collection Set: 10.6ms
[2022-10-12T11:22:12.768+0000][0.639s] GC(1)   Post Evacuate Collection Set: 0.5ms
[2022-10-12T11:22:12.769+0000][0.639s] GC(1)   Other: 0.4ms
[2022-10-12T11:22:12.769+0000][0.639s] GC(1) Eden regions: 59->0(48)
[2022-10-12T11:22:12.769+0000][0.639s] GC(1) Survivor regions: 3->8(8)
[2022-10-12T11:22:12.769+0000][0.639s] GC(1) Old regions: 2->13
[2022-10-12T11:22:12.769+0000][0.639s] GC(1) Humongous regions: 4->4
[2022-10-12T11:22:12.769+0000][0.640s] GC(1) Metaspace: 16345K->16345K(1064960K)
[2022-10-12T11:22:12.769+0000][0.640s] GC(1) Pause Young (Normal) (G1 Evacuation Pause) 66M->23M(512M) 12.240ms
[2022-10-12T11:22:12.769+0000][0.640s] GC(1) User=0.03s Sys=0.01s Real=0.01s
[2022-10-12T11:22:12.863+0000][0.734s] GC(2) Pause Young (Concurrent Start) (Metadata GC Threshold)
[2022-10-12T11:22:12.863+0000][0.734s] GC(2) Using 4 workers of 4 for evacuation
[2022-10-12T11:22:12.870+0000][0.740s] GC(2)   Pre Evacuate Collection Set: 0.1ms
[2022-10-12T11:22:12.870+0000][0.740s] GC(2)   Evacuate Collection Set: 5.5ms
[2022-10-12T11:22:12.870+0000][0.740s] GC(2)   Post Evacuate Collection Set: 0.3ms
[2022-10-12T11:22:12.870+0000][0.741s] GC(2)   Other: 0.4ms
[2022-10-12T11:22:12.870+0000][0.741s] GC(2) Eden regions: 32->0(46)
[2022-10-12T11:22:12.870+0000][0.741s] GC(2) Survivor regions: 8->1(7)
[2022-10-12T11:22:12.870+0000][0.741s] GC(2) Old regions: 13->21
[2022-10-12T11:22:12.870+0000][0.741s] GC(2) Humongous regions: 4->4
[2022-10-12T11:22:12.870+0000][0.741s] GC(2) Metaspace: 20370K->20370K(1067008K)
[2022-10-12T11:22:12.870+0000][0.741s] GC(2) Pause Young (Concurrent Start) (Metadata GC Threshold) 55M->24M(512M) 7.272ms
[2022-10-12T11:22:12.871+0000][0.741s] GC(2) User=0.02s Sys=0.00s Real=0.01s
[2022-10-12T11:22:12.871+0000][0.741s] GC(3) Concurrent Cycle
[2022-10-12T11:22:12.871+0000][0.742s] GC(3) Concurrent Clear Claimed Marks
[2022-10-12T11:22:12.871+0000][0.742s] GC(3) Concurrent Clear Claimed Marks 0.169ms
[2022-10-12T11:22:12.871+0000][0.742s] GC(3) Concurrent Scan Root Regions
[2022-10-12T11:22:12.872+0000][0.742s] GC(3) Concurrent Scan Root Regions 0.461ms
[2022-10-12T11:22:12.872+0000][0.742s] GC(3) Concurrent Mark (0.742s)
[2022-10-12T11:22:12.872+0000][0.743s] GC(3) Concurrent Mark From Roots
[2022-10-12T11:22:12.872+0000][0.743s] GC(3) Using 1 workers of 1 for marking
[2022-10-12T11:22:12.887+0000][0.758s] GC(3) Concurrent Mark From Roots 15.521ms
[2022-10-12T11:22:12.888+0000][0.758s] GC(3) Concurrent Preclean
[2022-10-12T11:22:12.888+0000][0.758s] GC(3) Concurrent Preclean 0.194ms
[2022-10-12T11:22:12.888+0000][0.759s] GC(3) Concurrent Mark (0.742s, 0.759s) 16.140ms
[2022-10-12T11:22:12.888+0000][0.759s] GC(3) Pause Remark
[2022-10-12T11:22:12.890+0000][0.760s] GC(3) Cleaned string and symbol table, strings: 8917 processed, 0 removed, symbols: 61340 processed, 39 removed
[2022-10-12T11:22:12.890+0000][0.761s] GC(3) Pause Remark 26M->26M(512M) 1.943ms
[2022-10-12T11:22:12.890+0000][0.761s] GC(3) User=0.00s Sys=0.00s Real=0.00s
[2022-10-12T11:22:12.890+0000][0.761s] GC(3) Concurrent Rebuild Remembered Sets
[2022-10-12T11:22:12.904+0000][0.775s] GC(3) Concurrent Rebuild Remembered Sets 13.610ms
[2022-10-12T11:22:12.904+0000][0.775s] GC(3) Pause Cleanup
[2022-10-12T11:22:12.905+0000][0.775s] GC(3) Pause Cleanup 29M->29M(512M) 0.253ms
[2022-10-12T11:22:12.905+0000][0.775s] GC(3) User=0.00s Sys=0.00s Real=0.00s
[2022-10-12T11:22:12.905+0000][0.775s] GC(3) Concurrent Cleanup for Next Mark
[2022-10-12T11:22:12.905+0000][0.776s] GC(3) Concurrent Cleanup for Next Mark 0.427ms
[2022-10-12T11:22:12.905+0000][0.776s] GC(3) Concurrent Cycle 34.664ms
[2022-10-12T11:22:13.175+0000][1.046s] GC(4) Pause Young (Concurrent Start) (G1 Evacuation Pause)
[2022-10-12T11:22:13.175+0000][1.046s] GC(4) Using 4 workers of 4 for evacuation
[2022-10-12T11:22:13.179+0000][1.049s] GC(4)   Pre Evacuate Collection Set: 0.1ms
[2022-10-12T11:22:13.179+0000][1.049s] GC(4)   Evacuate Collection Set: 2.6ms
[2022-10-12T11:22:13.179+0000][1.050s] GC(4)   Post Evacuate Collection Set: 0.3ms
[2022-10-12T11:22:13.179+0000][1.050s] GC(4)   Other: 0.4ms
[2022-10-12T11:22:13.179+0000][1.050s] GC(4) Eden regions: 46->0(64)
[2022-10-12T11:22:13.179+0000][1.050s] GC(4) Survivor regions: 1->2(6)
[2022-10-12T11:22:13.179+0000][1.050s] GC(4) Old regions: 21->21
[2022-10-12T11:22:13.179+0000][1.050s] GC(4) Humongous regions: 4->4
[2022-10-12T11:22:13.180+0000][1.050s] GC(4) Metaspace: 24333K->24333K(1071104K)
[2022-10-12T11:22:13.180+0000][1.050s] GC(4) Pause Young (Concurrent Start) (G1 Evacuation Pause) 70M->24M(512M) 4.342ms
[2022-10-12T11:22:13.180+0000][1.050s] GC(4) User=0.01s Sys=0.00s Real=0.00s
[2022-10-12T11:22:13.180+0000][1.050s] GC(5) Concurrent Cycle
[2022-10-12T11:22:13.180+0000][1.051s] GC(5) Concurrent Clear Claimed Marks
[2022-10-12T11:22:13.180+0000][1.051s] GC(5) Concurrent Clear Claimed Marks 0.305ms
[2022-10-12T11:22:13.181+0000][1.051s] GC(5) Concurrent Scan Root Regions
[2022-10-12T11:22:13.182+0000][1.053s] GC(5) Concurrent Scan Root Regions 1.310ms
[2022-10-12T11:22:13.182+0000][1.053s] GC(5) Concurrent Mark (1.053s)
[2022-10-12T11:22:13.182+0000][1.053s] GC(5) Concurrent Mark From Roots
[2022-10-12T11:22:13.183+0000][1.053s] GC(5) Using 1 workers of 1 for marking
[2022-10-12T11:22:13.202+0000][1.073s] GC(5) Concurrent Mark From Roots 19.658ms
[2022-10-12T11:22:13.202+0000][1.073s] GC(5) Concurrent Preclean
[2022-10-12T11:22:13.203+0000][1.073s] GC(5) Concurrent Preclean 0.236ms
[2022-10-12T11:22:13.203+0000][1.073s] GC(5) Concurrent Mark (1.053s, 1.073s) 20.548ms
[2022-10-12T11:22:13.203+0000][1.074s] GC(5) Pause Remark
[2022-10-12T11:22:13.205+0000][1.076s] GC(5) Cleaned string and symbol table, strings: 9920 processed, 23 removed, symbols: 70268 processed, 29 removed
[2022-10-12T11:22:13.206+0000][1.076s] GC(5) Pause Remark 26M->26M(512M) 2.542ms
[2022-10-12T11:22:13.206+0000][1.076s] GC(5) User=0.00s Sys=0.00s Real=0.01s
[2022-10-12T11:22:13.206+0000][1.076s] GC(5) Concurrent Rebuild Remembered Sets
[2022-10-12T11:22:13.214+0000][1.084s] GC(5) Concurrent Rebuild Remembered Sets 7.849ms
[2022-10-12T11:22:13.214+0000][1.085s] GC(5) Pause Cleanup
[2022-10-12T11:22:13.214+0000][1.085s] GC(5) Pause Cleanup 26M->26M(512M) 0.211ms
[2022-10-12T11:22:13.215+0000][1.085s] GC(5) User=0.00s Sys=0.00s Real=0.00s
[2022-10-12T11:22:13.215+0000][1.085s] GC(5) Concurrent Cleanup for Next Mark
[2022-10-12T11:22:13.215+0000][1.086s] GC(5) Concurrent Cleanup for Next Mark 0.568ms
[2022-10-12T11:22:13.216+0000][1.086s] GC(5) Concurrent Cycle 35.811ms
[2022-10-12T11:22:13.517+0000][1.388s] GC(6) Pause Young (Normal) (G1 Evacuation Pause)
[2022-10-12T11:22:13.517+0000][1.388s] GC(6) Using 4 workers of 4 for evacuation
[2022-10-12T11:22:13.523+0000][1.394s] GC(6)   Pre Evacuate Collection Set: 0.0ms
[2022-10-12T11:22:13.523+0000][1.394s] GC(6)   Evacuate Collection Set: 4.1ms
[2022-10-12T11:22:13.523+0000][1.394s] GC(6)   Post Evacuate Collection Set: 1.0ms
[2022-10-12T11:22:13.523+0000][1.394s] GC(6)   Other: 0.4ms
[2022-10-12T11:22:13.523+0000][1.394s] GC(6) Eden regions: 64->0(226)
[2022-10-12T11:22:13.523+0000][1.394s] GC(6) Survivor regions: 2->6(9)
[2022-10-12T11:22:13.524+0000][1.395s] GC(6) Old regions: 21->21
[2022-10-12T11:22:13.524+0000][1.395s] GC(6) Humongous regions: 4->4
[2022-10-12T11:22:13.524+0000][1.395s] GC(6) Metaspace: 32717K->32717K(1079296K)
[2022-10-12T11:22:13.524+0000][1.395s] GC(6) Pause Young (Normal) (G1 Evacuation Pause) 88M->28M(512M) 6.714ms
[2022-10-12T11:22:13.524+0000][1.395s] GC(6) User=0.02s Sys=0.01s Real=0.00s
[2022-10-12T11:22:14.069+0000][1.940s] GC(7) Pause Young (Concurrent Start) (Metadata GC Threshold)
[2022-10-12T11:22:14.069+0000][1.940s] GC(7) Using 4 workers of 4 for evacuation
[2022-10-12T11:22:14.078+0000][1.949s] GC(7)   Pre Evacuate Collection Set: 0.1ms
[2022-10-12T11:22:14.078+0000][1.949s] GC(7)   Evacuate Collection Set: 7.8ms
[2022-10-12T11:22:14.078+0000][1.949s] GC(7)   Post Evacuate Collection Set: 0.6ms
[2022-10-12T11:22:14.078+0000][1.949s] GC(7)   Other: 0.5ms
[2022-10-12T11:22:14.078+0000][1.949s] GC(7) Eden regions: 151->0(295)
[2022-10-12T11:22:14.079+0000][1.950s] GC(7) Survivor regions: 6->12(29)
[2022-10-12T11:22:14.079+0000][1.950s] GC(7) Old regions: 21->21
[2022-10-12T11:22:14.079+0000][1.950s] GC(7) Humongous regions: 5->4
[2022-10-12T11:22:14.079+0000][1.950s] GC(7) Metaspace: 41453K->41453K(1087488K)
[2022-10-12T11:22:14.079+0000][1.950s] GC(7) Pause Young (Concurrent Start) (Metadata GC Threshold) 180M->35M(512M) 9.728ms
[2022-10-12T11:22:14.079+0000][1.950s] GC(7) User=0.03s Sys=0.00s Real=0.01s
[2022-10-12T11:22:14.079+0000][1.950s] GC(8) Concurrent Cycle
[2022-10-12T11:22:14.079+0000][1.950s] GC(8) Concurrent Clear Claimed Marks
[2022-10-12T11:22:14.079+0000][1.950s] GC(8) Concurrent Clear Claimed Marks 0.276ms
[2022-10-12T11:22:14.080+0000][1.951s] GC(8) Concurrent Scan Root Regions
[2022-10-12T11:22:14.084+0000][1.955s] GC(8) Concurrent Scan Root Regions 4.041ms
[2022-10-12T11:22:14.084+0000][1.955s] GC(8) Concurrent Mark (1.955s)
[2022-10-12T11:22:14.084+0000][1.955s] GC(8) Concurrent Mark From Roots
[2022-10-12T11:22:14.084+0000][1.955s] GC(8) Using 1 workers of 1 for marking
[2022-10-12T11:22:14.096+0000][1.967s] GC(8) Concurrent Mark From Roots 11.915ms
[2022-10-12T11:22:14.096+0000][1.967s] GC(8) Concurrent Preclean
[2022-10-12T11:22:14.096+0000][1.967s] GC(8) Concurrent Preclean 0.190ms
[2022-10-12T11:22:14.097+0000][1.968s] GC(8) Concurrent Mark (1.955s, 1.967s) 12.570ms
[2022-10-12T11:22:14.097+0000][1.968s] GC(8) Pause Remark
[2022-10-12T11:22:14.100+0000][1.971s] GC(8) Cleaned string and symbol table, strings: 20933 processed, 3 removed, symbols: 123427 processed, 522 removed
[2022-10-12T11:22:14.101+0000][1.972s] GC(8) Pause Remark 44M->44M(512M) 3.535ms
[2022-10-12T11:22:14.101+0000][1.972s] GC(8) User=0.01s Sys=0.00s Real=0.00s
[2022-10-12T11:22:14.101+0000][1.972s] GC(8) Concurrent Rebuild Remembered Sets
[2022-10-12T11:22:14.109+0000][1.980s] GC(8) Concurrent Rebuild Remembered Sets 8.020ms
[2022-10-12T11:22:14.109+0000][1.980s] GC(8) Pause Cleanup
[2022-10-12T11:22:14.109+0000][1.980s] GC(8) Pause Cleanup 48M->48M(512M) 0.226ms
[2022-10-12T11:22:14.110+0000][1.981s] GC(8) User=0.00s Sys=0.00s Real=0.00s
[2022-10-12T11:22:14.110+0000][1.981s] GC(8) Concurrent Cleanup for Next Mark
[2022-10-12T11:22:14.111+0000][1.982s] GC(8) Concurrent Cleanup for Next Mark 1.556ms
[2022-10-12T11:22:14.111+0000][1.982s] GC(8) Concurrent Cycle 32.391ms
[2022-10-12T11:22:30.150+0000][18.021s] Heap
[2022-10-12T11:22:30.151+0000][18.022s]  garbage-first heap   total 524288K, used 132333K [0x00000000e0000000, 0x0000000100000000)
[2022-10-12T11:22:30.151+0000][18.022s]   region size 1024K, 108 young (110592K), 12 survivors (12288K)
[2022-10-12T11:22:30.151+0000][18.022s]  Metaspace       used 46763K, capacity 48043K, committed 48248K, reserved 1091584K
[2022-10-12T11:22:30.151+0000][18.022s]   class space    used 5726K, capacity 6241K, committed 6264K, reserved 1048576K
