[2022-10-14T14:36:34.437+0000][0.015s] Heap region size: 1M
[2022-10-14T14:36:34.448+0000][0.027s] Using G1
[2022-10-14T14:36:34.449+0000][0.027s] Heap address: 0x00000000e0000000, size: 512 MB, Compressed Oops mode: 32-bit
[2022-10-14T14:36:34.450+0000][0.028s] Mark closed archive regions in map: [0x00000000ffc00000, 0x00000000ffc65ff8]
[2022-10-14T14:36:34.450+0000][0.028s] Mark open archive regions in map: [0x00000000ff800000, 0x00000000ff842ff8]
[2022-10-14T14:36:34.968+0000][0.546s] GC(0) Pause Young (Normal) (G1 Evacuation Pause)
[2022-10-14T14:36:34.968+0000][0.547s] GC(0) Using 4 workers of 4 for evacuation
[2022-10-14T14:36:34.975+0000][0.553s] GC(0)   Pre Evacuate Collection Set: 0.0ms
[2022-10-14T14:36:34.975+0000][0.553s] GC(0)   Evacuate Collection Set: 6.1ms
[2022-10-14T14:36:34.975+0000][0.553s] GC(0)   Post Evacuate Collection Set: 0.3ms
[2022-10-14T14:36:34.975+0000][0.554s] GC(0)   Other: 0.7ms
[2022-10-14T14:36:34.975+0000][0.554s] GC(0) Eden regions: 25->0(304)
[2022-10-14T14:36:34.976+0000][0.554s] GC(0) Survivor regions: 0->3(4)
[2022-10-14T14:36:34.976+0000][0.554s] GC(0) Old regions: 2->2
[2022-10-14T14:36:34.976+0000][0.554s] GC(0) Humongous regions: 0->0
[2022-10-14T14:36:34.976+0000][0.554s] GC(0) Metaspace: 6820K->6820K(1056768K)
[2022-10-14T14:36:34.976+0000][0.554s] GC(0) Pause Young (Normal) (G1 Evacuation Pause) 25M->3M(512M) 7.957ms
[2022-10-14T14:36:34.976+0000][0.554s] GC(0) User=0.01s Sys=0.01s Real=0.01s
[2022-10-14T14:36:35.370+0000][0.948s] GC(1) Pause Young (Normal) (G1 Evacuation Pause)
[2022-10-14T14:36:35.370+0000][0.948s] GC(1) Using 4 workers of 4 for evacuation
[2022-10-14T14:36:35.382+0000][0.961s] GC(1)   Pre Evacuate Collection Set: 0.0ms
[2022-10-14T14:36:35.383+0000][0.961s] GC(1)   Evacuate Collection Set: 12.1ms
[2022-10-14T14:36:35.383+0000][0.961s] GC(1)   Post Evacuate Collection Set: 0.3ms
[2022-10-14T14:36:35.383+0000][0.961s] GC(1)   Other: 0.3ms
[2022-10-14T14:36:35.383+0000][0.961s] GC(1) Eden regions: 40->0(41)
[2022-10-14T14:36:35.383+0000][0.961s] GC(1) Survivor regions: 3->6(6)
[2022-10-14T14:36:35.383+0000][0.961s] GC(1) Old regions: 2->10
[2022-10-14T14:36:35.383+0000][0.961s] GC(1) Humongous regions: 4->4
[2022-10-14T14:36:35.383+0000][0.961s] GC(1) Metaspace: 15666K->15666K(1062912K)
[2022-10-14T14:36:35.383+0000][0.961s] GC(1) Pause Young (Normal) (G1 Evacuation Pause) 47M->18M(512M) 13.592ms
[2022-10-14T14:36:35.383+0000][0.961s] GC(1) User=0.03s Sys=0.00s Real=0.02s
[2022-10-14T14:36:35.649+0000][1.227s] GC(2) Pause Young (Normal) (G1 Evacuation Pause)
[2022-10-14T14:36:35.649+0000][1.227s] GC(2) Using 4 workers of 4 for evacuation
[2022-10-14T14:36:35.664+0000][1.242s] GC(2)   Pre Evacuate Collection Set: 0.0ms
[2022-10-14T14:36:35.664+0000][1.242s] GC(2)   Evacuate Collection Set: 11.4ms
[2022-10-14T14:36:35.664+0000][1.242s] GC(2)   Post Evacuate Collection Set: 2.9ms
[2022-10-14T14:36:35.664+0000][1.243s] GC(2)   Other: 0.3ms
[2022-10-14T14:36:35.664+0000][1.243s] GC(2) Eden regions: 41->0(44)
[2022-10-14T14:36:35.665+0000][1.243s] GC(2) Survivor regions: 6->6(6)
[2022-10-14T14:36:35.665+0000][1.243s] GC(2) Old regions: 10->16
[2022-10-14T14:36:35.665+0000][1.243s] GC(2) Humongous regions: 4->4
[2022-10-14T14:36:35.665+0000][1.243s] GC(2) Metaspace: 18925K->18925K(1067008K)
[2022-10-14T14:36:35.665+0000][1.243s] GC(2) Pause Young (Normal) (G1 Evacuation Pause) 59M->24M(512M) 15.861ms
[2022-10-14T14:36:35.665+0000][1.243s] GC(2) User=0.04s Sys=0.00s Real=0.02s
[2022-10-14T14:36:35.710+0000][1.288s] GC(3) Pause Young (Concurrent Start) (Metadata GC Threshold)
[2022-10-14T14:36:35.710+0000][1.288s] GC(3) Using 4 workers of 4 for evacuation
[2022-10-14T14:36:35.714+0000][1.293s] GC(3)   Pre Evacuate Collection Set: 0.1ms
[2022-10-14T14:36:35.715+0000][1.293s] GC(3)   Evacuate Collection Set: 3.9ms
[2022-10-14T14:36:35.715+0000][1.293s] GC(3)   Post Evacuate Collection Set: 0.2ms
[2022-10-14T14:36:35.715+0000][1.293s] GC(3)   Other: 0.3ms
[2022-10-14T14:36:35.715+0000][1.293s] GC(3) Eden regions: 9->0(51)
[2022-10-14T14:36:35.715+0000][1.293s] GC(3) Survivor regions: 6->1(7)
[2022-10-14T14:36:35.715+0000][1.293s] GC(3) Old regions: 16->21
[2022-10-14T14:36:35.715+0000][1.293s] GC(3) Humongous regions: 4->4
[2022-10-14T14:36:35.715+0000][1.293s] GC(3) Metaspace: 20371K->20371K(1067008K)
[2022-10-14T14:36:35.715+0000][1.293s] GC(3) Pause Young (Concurrent Start) (Metadata GC Threshold) 33M->24M(512M) 5.319ms
[2022-10-14T14:36:35.715+0000][1.293s] GC(3) User=0.01s Sys=0.00s Real=0.01s
[2022-10-14T14:36:35.715+0000][1.293s] GC(4) Concurrent Cycle
[2022-10-14T14:36:35.715+0000][1.294s] GC(4) Concurrent Clear Claimed Marks
[2022-10-14T14:36:35.716+0000][1.294s] GC(4) Concurrent Clear Claimed Marks 0.122ms
[2022-10-14T14:36:35.716+0000][1.294s] GC(4) Concurrent Scan Root Regions
[2022-10-14T14:36:35.716+0000][1.294s] GC(4) Concurrent Scan Root Regions 0.240ms
[2022-10-14T14:36:35.716+0000][1.294s] GC(4) Concurrent Mark (1.294s)
[2022-10-14T14:36:35.716+0000][1.294s] GC(4) Concurrent Mark From Roots
[2022-10-14T14:36:35.716+0000][1.294s] GC(4) Using 1 workers of 1 for marking
[2022-10-14T14:36:35.736+0000][1.314s] GC(4) Concurrent Mark From Roots 19.493ms
[2022-10-14T14:36:35.736+0000][1.314s] GC(4) Concurrent Preclean
[2022-10-14T14:36:35.736+0000][1.314s] GC(4) Concurrent Preclean 0.152ms
[2022-10-14T14:36:35.736+0000][1.314s] GC(4) Concurrent Mark (1.294s, 1.314s) 19.997ms
[2022-10-14T14:36:35.736+0000][1.314s] GC(4) Pause Remark
[2022-10-14T14:36:35.738+0000][1.316s] GC(4) Cleaned string and symbol table, strings: 8976 processed, 26 removed, symbols: 62322 processed, 39 removed
[2022-10-14T14:36:35.738+0000][1.316s] GC(4) Pause Remark 28M->28M(512M) 1.815ms
[2022-10-14T14:36:35.738+0000][1.316s] GC(4) User=0.01s Sys=0.00s Real=0.00s
[2022-10-14T14:36:35.738+0000][1.316s] GC(4) Concurrent Rebuild Remembered Sets
[2022-10-14T14:36:35.748+0000][1.326s] GC(4) Concurrent Rebuild Remembered Sets 9.561ms
[2022-10-14T14:36:35.748+0000][1.326s] GC(4) Pause Cleanup
[2022-10-14T14:36:35.748+0000][1.326s] GC(4) Pause Cleanup 31M->31M(512M) 0.223ms
[2022-10-14T14:36:35.748+0000][1.326s] GC(4) User=0.00s Sys=0.00s Real=0.00s
[2022-10-14T14:36:35.748+0000][1.326s] GC(4) Concurrent Cleanup for Next Mark
[2022-10-14T14:36:35.749+0000][1.327s] GC(4) Concurrent Cleanup for Next Mark 0.301ms
[2022-10-14T14:36:35.749+0000][1.327s] GC(4) Concurrent Cycle 33.342ms
[2022-10-14T14:36:36.135+0000][1.713s] GC(5) Pause Young (Concurrent Start) (G1 Evacuation Pause)
[2022-10-14T14:36:36.135+0000][1.713s] GC(5) Using 4 workers of 4 for evacuation
[2022-10-14T14:36:36.141+0000][1.719s] GC(5)   Pre Evacuate Collection Set: 0.1ms
[2022-10-14T14:36:36.141+0000][1.719s] GC(5)   Evacuate Collection Set: 5.0ms
[2022-10-14T14:36:36.141+0000][1.719s] GC(5)   Post Evacuate Collection Set: 0.4ms
[2022-10-14T14:36:36.141+0000][1.719s] GC(5)   Other: 0.4ms
[2022-10-14T14:36:36.141+0000][1.719s] GC(5) Eden regions: 51->0(175)
[2022-10-14T14:36:36.141+0000][1.719s] GC(5) Survivor regions: 1->2(7)
[2022-10-14T14:36:36.141+0000][1.720s] GC(5) Old regions: 21->21
[2022-10-14T14:36:36.141+0000][1.720s] GC(5) Humongous regions: 4->4
[2022-10-14T14:36:36.141+0000][1.720s] GC(5) Metaspace: 26779K->26779K(1073152K)
[2022-10-14T14:36:36.142+0000][1.720s] GC(5) Pause Young (Concurrent Start) (G1 Evacuation Pause) 75M->25M(512M) 6.553ms
[2022-10-14T14:36:36.142+0000][1.720s] GC(5) User=0.01s Sys=0.00s Real=0.01s
[2022-10-14T14:36:36.142+0000][1.720s] GC(6) Concurrent Cycle
[2022-10-14T14:36:36.142+0000][1.720s] GC(6) Concurrent Clear Claimed Marks
[2022-10-14T14:36:36.142+0000][1.720s] GC(6) Concurrent Clear Claimed Marks 0.111ms
[2022-10-14T14:36:36.142+0000][1.720s] GC(6) Concurrent Scan Root Regions
[2022-10-14T14:36:36.143+0000][1.721s] GC(6) Concurrent Scan Root Regions 0.976ms
[2022-10-14T14:36:36.143+0000][1.721s] GC(6) Concurrent Mark (1.721s)
[2022-10-14T14:36:36.143+0000][1.721s] GC(6) Concurrent Mark From Roots
[2022-10-14T14:36:36.143+0000][1.722s] GC(6) Using 1 workers of 1 for marking
[2022-10-14T14:36:36.166+0000][1.744s] GC(6) Concurrent Mark From Roots 22.656ms
[2022-10-14T14:36:36.166+0000][1.744s] GC(6) Concurrent Preclean
[2022-10-14T14:36:36.166+0000][1.744s] GC(6) Concurrent Preclean 0.193ms
[2022-10-14T14:36:36.166+0000][1.745s] GC(6) Concurrent Mark (1.721s, 1.745s) 23.272ms
[2022-10-14T14:36:36.167+0000][1.745s] GC(6) Pause Remark
[2022-10-14T14:36:36.168+0000][1.747s] GC(6) Cleaned string and symbol table, strings: 12080 processed, 1 removed, symbols: 78629 processed, 35 removed
[2022-10-14T14:36:36.169+0000][1.747s] GC(6) Pause Remark 31M->31M(512M) 2.102ms
[2022-10-14T14:36:36.169+0000][1.747s] GC(6) User=0.01s Sys=0.00s Real=0.00s
[2022-10-14T14:36:36.169+0000][1.747s] GC(6) Concurrent Rebuild Remembered Sets
[2022-10-14T14:36:36.177+0000][1.755s] GC(6) Concurrent Rebuild Remembered Sets 8.020ms
[2022-10-14T14:36:36.177+0000][1.755s] GC(6) Pause Cleanup
[2022-10-14T14:36:36.177+0000][1.756s] GC(6) Pause Cleanup 31M->31M(512M) 0.156ms
[2022-10-14T14:36:36.178+0000][1.756s] GC(6) User=0.00s Sys=0.00s Real=0.00s
[2022-10-14T14:36:36.178+0000][1.756s] GC(6) Concurrent Cleanup for Next Mark
[2022-10-14T14:36:36.180+0000][1.758s] GC(6) Concurrent Cleanup for Next Mark 1.982ms
[2022-10-14T14:36:36.180+0000][1.758s] GC(6) Concurrent Cycle 37.967ms
[2022-10-14T14:51:43.150+0000][908.814s] Heap
[2022-10-14T14:51:43.150+0000][908.814s]  garbage-first heap   total 524288K, used 109700K [0x00000000e0000000, 0x0000000100000000)
[2022-10-14T14:51:43.151+0000][908.815s]   region size 1024K, 85 young (87040K), 2 survivors (2048K)
[2022-10-14T14:51:43.151+0000][908.815s]  Metaspace       used 34819K, capacity 35838K, committed 36168K, reserved 1081344K
[2022-10-14T14:51:43.151+0000][908.815s]   class space    used 4198K, capacity 4628K, committed 4736K, reserved 1048576K
