[2022-10-12T11:21:49.755+0000][0.009s] Heap region size: 1M
[2022-10-12T11:21:49.763+0000][0.018s] Using G1
[2022-10-12T11:21:49.765+0000][0.019s] Heap address: 0x00000000e0000000, size: 512 MB, Compressed Oops mode: 32-bit
[2022-10-12T11:21:49.765+0000][0.020s] Mark closed archive regions in map: [0x00000000ffc00000, 0x00000000ffc65ff8]
[2022-10-12T11:21:49.766+0000][0.020s] Mark open archive regions in map: [0x00000000ff800000, 0x00000000ff842ff8]
[2022-10-12T11:21:50.013+0000][0.268s] GC(0) Pause Young (Normal) (G1 Evacuation Pause)
[2022-10-12T11:21:50.013+0000][0.268s] GC(0) Using 4 workers of 4 for evacuation
[2022-10-12T11:21:50.019+0000][0.274s] GC(0)   Pre Evacuate Collection Set: 0.0ms
[2022-10-12T11:21:50.019+0000][0.274s] GC(0)   Evacuate Collection Set: 5.4ms
[2022-10-12T11:21:50.020+0000][0.274s] GC(0)   Post Evacuate Collection Set: 0.3ms
[2022-10-12T11:21:50.020+0000][0.274s] GC(0)   Other: 0.7ms
[2022-10-12T11:21:50.020+0000][0.274s] GC(0) Eden regions: 25->0(304)
[2022-10-12T11:21:50.020+0000][0.274s] GC(0) Survivor regions: 0->3(4)
[2022-10-12T11:21:50.020+0000][0.274s] GC(0) Old regions: 2->2
[2022-10-12T11:21:50.020+0000][0.275s] GC(0) Humongous regions: 0->0
[2022-10-12T11:21:50.020+0000][0.275s] GC(0) Metaspace: 6740K->6740K(1056768K)
[2022-10-12T11:21:50.020+0000][0.275s] GC(0) Pause Young (Normal) (G1 Evacuation Pause) 25M->3M(512M) 7.082ms
[2022-10-12T11:21:50.020+0000][0.275s] GC(0) User=0.02s Sys=0.01s Real=0.01s
[2022-10-12T11:21:50.378+0000][0.633s] GC(1) Pause Young (Normal) (G1 Evacuation Pause)
[2022-10-12T11:21:50.379+0000][0.633s] GC(1) Using 4 workers of 4 for evacuation
[2022-10-12T11:21:50.390+0000][0.645s] GC(1)   Pre Evacuate Collection Set: 0.0ms
[2022-10-12T11:21:50.390+0000][0.645s] GC(1)   Evacuate Collection Set: 10.6ms
[2022-10-12T11:21:50.390+0000][0.645s] GC(1)   Post Evacuate Collection Set: 0.5ms
[2022-10-12T11:21:50.390+0000][0.645s] GC(1)   Other: 0.3ms
[2022-10-12T11:21:50.390+0000][0.645s] GC(1) Eden regions: 64->0(52)
[2022-10-12T11:21:50.391+0000][0.645s] GC(1) Survivor regions: 3->9(9)
[2022-10-12T11:21:50.391+0000][0.645s] GC(1) Old regions: 2->12
[2022-10-12T11:21:50.391+0000][0.645s] GC(1) Humongous regions: 4->4
[2022-10-12T11:21:50.391+0000][0.645s] GC(1) Metaspace: 17088K->17088K(1064960K)
[2022-10-12T11:21:50.391+0000][0.646s] GC(1) Pause Young (Normal) (G1 Evacuation Pause) 71M->23M(512M) 12.387ms
[2022-10-12T11:21:50.391+0000][0.646s] GC(1) User=0.03s Sys=0.00s Real=0.01s
[2022-10-12T11:21:50.471+0000][0.726s] GC(2) Pause Young (Concurrent Start) (Metadata GC Threshold)
[2022-10-12T11:21:50.472+0000][0.726s] GC(2) Using 4 workers of 4 for evacuation
[2022-10-12T11:21:50.478+0000][0.732s] GC(2)   Pre Evacuate Collection Set: 0.1ms
[2022-10-12T11:21:50.478+0000][0.733s] GC(2)   Evacuate Collection Set: 5.6ms
[2022-10-12T11:21:50.478+0000][0.733s] GC(2)   Post Evacuate Collection Set: 0.3ms
[2022-10-12T11:21:50.478+0000][0.733s] GC(2)   Other: 0.4ms
[2022-10-12T11:21:50.478+0000][0.733s] GC(2) Eden regions: 27->0(44)
[2022-10-12T11:21:50.478+0000][0.733s] GC(2) Survivor regions: 9->1(8)
[2022-10-12T11:21:50.478+0000][0.733s] GC(2) Old regions: 12->21
[2022-10-12T11:21:50.479+0000][0.733s] GC(2) Humongous regions: 4->4
[2022-10-12T11:21:50.479+0000][0.733s] GC(2) Metaspace: 20344K->20344K(1067008K)
[2022-10-12T11:21:50.479+0000][0.733s] GC(2) Pause Young (Concurrent Start) (Metadata GC Threshold) 50M->24M(512M) 7.340ms
[2022-10-12T11:21:50.479+0000][0.734s] GC(2) User=0.02s Sys=0.01s Real=0.01s
[2022-10-12T11:21:50.479+0000][0.734s] GC(3) Concurrent Cycle
[2022-10-12T11:21:50.479+0000][0.734s] GC(3) Concurrent Clear Claimed Marks
[2022-10-12T11:21:50.479+0000][0.734s] GC(3) Concurrent Clear Claimed Marks 0.185ms
[2022-10-12T11:21:50.479+0000][0.734s] GC(3) Concurrent Scan Root Regions
[2022-10-12T11:21:50.480+0000][0.735s] GC(3) Concurrent Scan Root Regions 0.440ms
[2022-10-12T11:21:50.480+0000][0.735s] GC(3) Concurrent Mark (0.735s)
[2022-10-12T11:21:50.480+0000][0.735s] GC(3) Concurrent Mark From Roots
[2022-10-12T11:21:50.480+0000][0.735s] GC(3) Using 1 workers of 1 for marking
[2022-10-12T11:21:50.495+0000][0.749s] GC(3) Concurrent Mark From Roots 14.670ms
[2022-10-12T11:21:50.495+0000][0.750s] GC(3) Concurrent Preclean
[2022-10-12T11:21:50.495+0000][0.750s] GC(3) Concurrent Preclean 0.207ms
[2022-10-12T11:21:50.495+0000][0.750s] GC(3) Concurrent Mark (0.735s, 0.750s) 15.331ms
[2022-10-12T11:21:50.496+0000][0.750s] GC(3) Pause Remark
[2022-10-12T11:21:50.497+0000][0.752s] GC(3) Cleaned string and symbol table, strings: 8922 processed, 0 removed, symbols: 61429 processed, 39 removed
[2022-10-12T11:21:50.498+0000][0.752s] GC(3) Pause Remark 27M->27M(512M) 2.023ms
[2022-10-12T11:21:50.498+0000][0.752s] GC(3) User=0.00s Sys=0.00s Real=0.00s
[2022-10-12T11:21:50.498+0000][0.752s] GC(3) Concurrent Rebuild Remembered Sets
[2022-10-12T11:21:50.509+0000][0.763s] GC(3) Concurrent Rebuild Remembered Sets 10.942ms
[2022-10-12T11:21:50.509+0000][0.764s] GC(3) Pause Cleanup
[2022-10-12T11:21:50.510+0000][0.764s] GC(3) Pause Cleanup 30M->30M(512M) 0.289ms
[2022-10-12T11:21:50.510+0000][0.764s] GC(3) User=0.00s Sys=0.00s Real=0.00s
[2022-10-12T11:21:50.510+0000][0.765s] GC(3) Concurrent Cleanup for Next Mark
[2022-10-12T11:21:50.510+0000][0.765s] GC(3) Concurrent Cleanup for Next Mark 0.322ms
[2022-10-12T11:21:50.510+0000][0.765s] GC(3) Concurrent Cycle 31.190ms
[2022-10-12T11:21:50.739+0000][0.993s] GC(4) Pause Young (Concurrent Start) (G1 Evacuation Pause)
[2022-10-12T11:21:50.739+0000][0.994s] GC(4) Using 4 workers of 4 for evacuation
[2022-10-12T11:21:50.741+0000][0.996s] GC(4)   Pre Evacuate Collection Set: 0.1ms
[2022-10-12T11:21:50.741+0000][0.996s] GC(4)   Evacuate Collection Set: 1.5ms
[2022-10-12T11:21:50.741+0000][0.996s] GC(4)   Post Evacuate Collection Set: 0.2ms
[2022-10-12T11:21:50.741+0000][0.996s] GC(4)   Other: 0.6ms
[2022-10-12T11:21:50.742+0000][0.996s] GC(4) Eden regions: 44->0(64)
[2022-10-12T11:21:50.742+0000][0.996s] GC(4) Survivor regions: 1->2(6)
[2022-10-12T11:21:50.742+0000][0.996s] GC(4) Old regions: 21->21
[2022-10-12T11:21:50.742+0000][0.997s] GC(4) Humongous regions: 4->4
[2022-10-12T11:21:50.742+0000][0.997s] GC(4) Metaspace: 24149K->24149K(1071104K)
[2022-10-12T11:21:50.742+0000][0.997s] GC(4) Pause Young (Concurrent Start) (G1 Evacuation Pause) 68M->24M(512M) 3.378ms
[2022-10-12T11:21:50.742+0000][0.997s] GC(4) User=0.01s Sys=0.00s Real=0.00s
[2022-10-12T11:21:50.742+0000][0.997s] GC(5) Concurrent Cycle
[2022-10-12T11:21:50.742+0000][0.997s] GC(5) Concurrent Clear Claimed Marks
[2022-10-12T11:21:50.743+0000][0.997s] GC(5) Concurrent Clear Claimed Marks 0.146ms
[2022-10-12T11:21:50.743+0000][0.998s] GC(5) Concurrent Scan Root Regions
[2022-10-12T11:21:50.744+0000][0.998s] GC(5) Concurrent Scan Root Regions 0.719ms
[2022-10-12T11:21:50.744+0000][0.998s] GC(5) Concurrent Mark (0.998s)
[2022-10-12T11:21:50.744+0000][0.999s] GC(5) Concurrent Mark From Roots
[2022-10-12T11:21:50.744+0000][0.999s] GC(5) Using 1 workers of 1 for marking
[2022-10-12T11:21:50.759+0000][1.014s] GC(5) Concurrent Mark From Roots 15.566ms
[2022-10-12T11:21:50.760+0000][1.014s] GC(5) Concurrent Preclean
[2022-10-12T11:21:50.760+0000][1.015s] GC(5) Concurrent Preclean 0.240ms
[2022-10-12T11:21:50.760+0000][1.015s] GC(5) Concurrent Mark (0.998s, 1.015s) 16.368ms
[2022-10-12T11:21:50.761+0000][1.016s] GC(5) Pause Remark
[2022-10-12T11:21:50.763+0000][1.018s] GC(5) Cleaned string and symbol table, strings: 9913 processed, 23 removed, symbols: 70224 processed, 29 removed
[2022-10-12T11:21:50.763+0000][1.018s] GC(5) Pause Remark 27M->27M(512M) 2.122ms
[2022-10-12T11:21:50.763+0000][1.018s] GC(5) User=0.01s Sys=0.00s Real=0.00s
[2022-10-12T11:21:50.763+0000][1.018s] GC(5) Concurrent Rebuild Remembered Sets
[2022-10-12T11:21:50.772+0000][1.027s] GC(5) Concurrent Rebuild Remembered Sets 8.748ms
[2022-10-12T11:21:50.773+0000][1.027s] GC(5) Pause Cleanup
[2022-10-12T11:21:50.773+0000][1.028s] GC(5) Pause Cleanup 27M->27M(512M) 0.258ms
[2022-10-12T11:21:50.773+0000][1.028s] GC(5) User=0.00s Sys=0.00s Real=0.00s
[2022-10-12T11:21:50.773+0000][1.028s] GC(5) Concurrent Cleanup for Next Mark
[2022-10-12T11:21:50.774+0000][1.029s] GC(5) Concurrent Cleanup for Next Mark 0.863ms
[2022-10-12T11:21:50.774+0000][1.029s] GC(5) Concurrent Cycle 31.821ms
[2022-10-12T11:21:51.051+0000][1.306s] GC(6) Pause Young (Normal) (G1 Evacuation Pause)
[2022-10-12T11:21:51.051+0000][1.306s] GC(6) Using 4 workers of 4 for evacuation
[2022-10-12T11:21:51.055+0000][1.310s] GC(6)   Pre Evacuate Collection Set: 0.0ms
[2022-10-12T11:21:51.055+0000][1.310s] GC(6)   Evacuate Collection Set: 3.0ms
[2022-10-12T11:21:51.055+0000][1.310s] GC(6)   Post Evacuate Collection Set: 0.5ms
[2022-10-12T11:21:51.055+0000][1.310s] GC(6)   Other: 0.3ms
[2022-10-12T11:21:51.055+0000][1.310s] GC(6) Eden regions: 64->0(90)
[2022-10-12T11:21:51.056+0000][1.310s] GC(6) Survivor regions: 2->5(9)
[2022-10-12T11:21:51.056+0000][1.310s] GC(6) Old regions: 21->21
[2022-10-12T11:21:51.056+0000][1.310s] GC(6) Humongous regions: 4->4
[2022-10-12T11:21:51.056+0000][1.310s] GC(6) Metaspace: 32600K->32600K(1079296K)
[2022-10-12T11:21:51.056+0000][1.310s] GC(6) Pause Young (Normal) (G1 Evacuation Pause) 88M->28M(512M) 4.488ms
[2022-10-12T11:21:51.056+0000][1.311s] GC(6) User=0.02s Sys=0.00s Real=0.01s
[2022-10-12T11:21:51.391+0000][1.646s] GC(7) Pause Young (Normal) (G1 Evacuation Pause)
[2022-10-12T11:21:51.392+0000][1.646s] GC(7) Using 4 workers of 4 for evacuation
[2022-10-12T11:21:51.398+0000][1.652s] GC(7)   Pre Evacuate Collection Set: 0.0ms
[2022-10-12T11:21:51.398+0000][1.653s] GC(7)   Evacuate Collection Set: 5.5ms
[2022-10-12T11:21:51.398+0000][1.653s] GC(7)   Post Evacuate Collection Set: 0.4ms
[2022-10-12T11:21:51.398+0000][1.653s] GC(7)   Other: 0.5ms
[2022-10-12T11:21:51.398+0000][1.653s] GC(7) Eden regions: 90->0(121)
[2022-10-12T11:21:51.398+0000][1.653s] GC(7) Survivor regions: 5->9(12)
[2022-10-12T11:21:51.398+0000][1.653s] GC(7) Old regions: 21->21
[2022-10-12T11:21:51.399+0000][1.653s] GC(7) Humongous regions: 5->4
[2022-10-12T11:21:51.399+0000][1.653s] GC(7) Metaspace: 39176K->39176K(1085440K)
[2022-10-12T11:21:51.399+0000][1.653s] GC(7) Pause Young (Normal) (G1 Evacuation Pause) 119M->32M(512M) 7.310ms
[2022-10-12T11:21:51.399+0000][1.654s] GC(7) User=0.02s Sys=0.00s Real=0.01s
[2022-10-12T11:21:51.545+0000][1.799s] GC(8) Pause Young (Concurrent Start) (Metadata GC Threshold)
[2022-10-12T11:21:51.545+0000][1.800s] GC(8) Using 4 workers of 4 for evacuation
[2022-10-12T11:21:51.552+0000][1.807s] GC(8)   Pre Evacuate Collection Set: 0.1ms
[2022-10-12T11:21:51.553+0000][1.807s] GC(8)   Evacuate Collection Set: 6.4ms
[2022-10-12T11:21:51.553+0000][1.807s] GC(8)   Post Evacuate Collection Set: 0.5ms
[2022-10-12T11:21:51.553+0000][1.808s] GC(8)   Other: 0.5ms
[2022-10-12T11:21:51.553+0000][1.808s] GC(8) Eden regions: 63->0(129)
[2022-10-12T11:21:51.553+0000][1.808s] GC(8) Survivor regions: 9->12(17)
[2022-10-12T11:21:51.553+0000][1.808s] GC(8) Old regions: 21->21
[2022-10-12T11:21:51.553+0000][1.808s] GC(8) Humongous regions: 4->4
[2022-10-12T11:21:51.553+0000][1.808s] GC(8) Metaspace: 41515K->41515K(1087488K)
[2022-10-12T11:21:51.553+0000][1.808s] GC(8) Pause Young (Concurrent Start) (Metadata GC Threshold) 94M->35M(512M) 8.605ms
[2022-10-12T11:21:51.553+0000][1.808s] GC(8) User=0.02s Sys=0.00s Real=0.01s
[2022-10-12T11:21:51.554+0000][1.808s] GC(9) Concurrent Cycle
[2022-10-12T11:21:51.554+0000][1.808s] GC(9) Concurrent Clear Claimed Marks
[2022-10-12T11:21:51.554+0000][1.808s] GC(9) Concurrent Clear Claimed Marks 0.099ms
[2022-10-12T11:21:51.554+0000][1.809s] GC(9) Concurrent Scan Root Regions
[2022-10-12T11:21:51.558+0000][1.813s] GC(9) Concurrent Scan Root Regions 3.951ms
[2022-10-12T11:21:51.558+0000][1.813s] GC(9) Concurrent Mark (1.813s)
[2022-10-12T11:21:51.558+0000][1.813s] GC(9) Concurrent Mark From Roots
[2022-10-12T11:21:51.558+0000][1.813s] GC(9) Using 1 workers of 1 for marking
[2022-10-12T11:21:51.571+0000][1.826s] GC(9) Concurrent Mark From Roots 12.926ms
[2022-10-12T11:21:51.571+0000][1.826s] GC(9) Concurrent Preclean
[2022-10-12T11:21:51.572+0000][1.826s] GC(9) Concurrent Preclean 0.160ms
[2022-10-12T11:21:51.572+0000][1.826s] GC(9) Concurrent Mark (1.813s, 1.826s) 13.556ms
[2022-10-12T11:21:51.572+0000][1.827s] GC(9) Pause Remark
[2022-10-12T11:21:51.575+0000][1.830s] GC(9) Cleaned string and symbol table, strings: 20991 processed, 3 removed, symbols: 123671 processed, 522 removed
[2022-10-12T11:21:51.576+0000][1.831s] GC(9) Pause Remark 46M->46M(512M) 3.685ms
[2022-10-12T11:21:51.576+0000][1.831s] GC(9) User=0.01s Sys=0.00s Real=0.01s
[2022-10-12T11:21:51.576+0000][1.831s] GC(9) Concurrent Rebuild Remembered Sets
[2022-10-12T11:21:51.584+0000][1.839s] GC(9) Concurrent Rebuild Remembered Sets 8.001ms
[2022-10-12T11:21:51.584+0000][1.839s] GC(9) Pause Cleanup
[2022-10-12T11:21:51.585+0000][1.839s] GC(9) Pause Cleanup 50M->50M(512M) 0.150ms
[2022-10-12T11:21:51.585+0000][1.839s] GC(9) User=0.00s Sys=0.00s Real=0.00s
[2022-10-12T11:21:51.585+0000][1.839s] GC(9) Concurrent Cleanup for Next Mark
[2022-10-12T11:21:51.585+0000][1.840s] GC(9) Concurrent Cleanup for Next Mark 0.373ms
[2022-10-12T11:21:51.585+0000][1.840s] GC(9) Concurrent Cycle 31.529ms
[2022-10-12T11:22:11.391+0000][21.646s] Heap
[2022-10-12T11:22:11.391+0000][21.646s]  garbage-first heap   total 524288K, used 136451K [0x00000000e0000000, 0x0000000100000000)
[2022-10-12T11:22:11.392+0000][21.646s]   region size 1024K, 112 young (114688K), 12 survivors (12288K)
[2022-10-12T11:22:11.392+0000][21.647s]  Metaspace       used 47265K, capacity 48488K, committed 48580K, reserved 1091584K
[2022-10-12T11:22:11.392+0000][21.647s]   class space    used 5773K, capacity 6284K, committed 6340K, reserved 1048576K
