[2022-10-15T13:38:22.510+0000][0.013s] Heap region size: 1M
[2022-10-15T13:38:22.527+0000][0.030s] Using G1
[2022-10-15T13:38:22.527+0000][0.030s] Heap address: 0x00000000e0000000, size: 512 MB, Compressed Oops mode: 32-bit
[2022-10-15T13:38:22.527+0000][0.030s] Mark closed archive regions in map: [0x00000000ffc00000, 0x00000000ffc65ff8]
[2022-10-15T13:38:22.527+0000][0.030s] Mark open archive regions in map: [0x00000000ff800000, 0x00000000ff842ff8]
[2022-10-15T13:38:22.923+0000][0.426s] GC(0) Pause Young (Normal) (G1 Evacuation Pause)
[2022-10-15T13:38:22.929+0000][0.432s] GC(0) Using 4 workers of 4 for evacuation
[2022-10-15T13:38:22.937+0000][0.440s] GC(0)   Pre Evacuate Collection Set: 0.0ms
[2022-10-15T13:38:22.937+0000][0.440s] GC(0)   Evacuate Collection Set: 7.4ms
[2022-10-15T13:38:22.937+0000][0.440s] GC(0)   Post Evacuate Collection Set: 0.4ms
[2022-10-15T13:38:22.937+0000][0.440s] GC(0)   Other: 6.0ms
[2022-10-15T13:38:22.938+0000][0.441s] GC(0) Eden regions: 25->0(304)
[2022-10-15T13:38:22.938+0000][0.441s] GC(0) Survivor regions: 0->3(4)
[2022-10-15T13:38:22.938+0000][0.441s] GC(0) Old regions: 2->2
[2022-10-15T13:38:22.938+0000][0.441s] GC(0) Humongous regions: 0->0
[2022-10-15T13:38:22.942+0000][0.445s] GC(0) Metaspace: 6594K->6594K(1056768K)
[2022-10-15T13:38:22.942+0000][0.445s] GC(0) Pause Young (Normal) (G1 Evacuation Pause) 25M->3M(512M) 18.687ms
[2022-10-15T13:38:22.942+0000][0.445s] GC(0) User=0.01s Sys=0.00s Real=0.02s
[2022-10-15T13:38:23.444+0000][0.947s] GC(1) Pause Young (Normal) (G1 Evacuation Pause)
[2022-10-15T13:38:23.444+0000][0.947s] GC(1) Using 4 workers of 4 for evacuation
[2022-10-15T13:38:23.461+0000][0.964s] GC(1)   Pre Evacuate Collection Set: 0.0ms
[2022-10-15T13:38:23.461+0000][0.964s] GC(1)   Evacuate Collection Set: 16.2ms
[2022-10-15T13:38:23.461+0000][0.964s] GC(1)   Post Evacuate Collection Set: 0.3ms
[2022-10-15T13:38:23.461+0000][0.964s] GC(1)   Other: 0.4ms
[2022-10-15T13:38:23.461+0000][0.964s] GC(1) Eden regions: 36->0(40)
[2022-10-15T13:38:23.462+0000][0.965s] GC(1) Survivor regions: 3->5(5)
[2022-10-15T13:38:23.462+0000][0.965s] GC(1) Old regions: 2->10
[2022-10-15T13:38:23.462+0000][0.965s] GC(1) Humongous regions: 4->4
[2022-10-15T13:38:23.462+0000][0.965s] GC(1) Metaspace: 15456K->15456K(1062912K)
[2022-10-15T13:38:23.462+0000][0.965s] GC(1) Pause Young (Normal) (G1 Evacuation Pause) 43M->17M(512M) 18.025ms
[2022-10-15T13:38:23.462+0000][0.965s] GC(1) User=0.03s Sys=0.00s Real=0.02s
[2022-10-15T13:38:23.693+0000][1.196s] GC(2) Pause Young (Normal) (G1 Evacuation Pause)
[2022-10-15T13:38:23.693+0000][1.196s] GC(2) Using 4 workers of 4 for evacuation
[2022-10-15T13:38:23.701+0000][1.204s] GC(2)   Pre Evacuate Collection Set: 0.0ms
[2022-10-15T13:38:23.701+0000][1.204s] GC(2)   Evacuate Collection Set: 5.7ms
[2022-10-15T13:38:23.701+0000][1.204s] GC(2)   Post Evacuate Collection Set: 2.3ms
[2022-10-15T13:38:23.701+0000][1.204s] GC(2)   Other: 0.3ms
[2022-10-15T13:38:23.702+0000][1.205s] GC(2) Eden regions: 40->0(49)
[2022-10-15T13:38:23.702+0000][1.205s] GC(2) Survivor regions: 5->6(6)
[2022-10-15T13:38:23.702+0000][1.205s] GC(2) Old regions: 10->16
[2022-10-15T13:38:23.702+0000][1.205s] GC(2) Humongous regions: 4->4
[2022-10-15T13:38:23.702+0000][1.205s] GC(2) Metaspace: 18615K->18615K(1067008K)
[2022-10-15T13:38:23.702+0000][1.205s] GC(2) Pause Young (Normal) (G1 Evacuation Pause) 57M->23M(512M) 9.538ms
[2022-10-15T13:38:23.702+0000][1.205s] GC(2) User=0.01s Sys=0.00s Real=0.01s
[2022-10-15T13:38:23.767+0000][1.270s] GC(3) Pause Young (Concurrent Start) (Metadata GC Threshold)
[2022-10-15T13:38:23.767+0000][1.270s] GC(3) Using 4 workers of 4 for evacuation
[2022-10-15T13:38:23.770+0000][1.273s] GC(3)   Pre Evacuate Collection Set: 0.1ms
[2022-10-15T13:38:23.770+0000][1.273s] GC(3)   Evacuate Collection Set: 2.3ms
[2022-10-15T13:38:23.770+0000][1.273s] GC(3)   Post Evacuate Collection Set: 0.3ms
[2022-10-15T13:38:23.770+0000][1.273s] GC(3)   Other: 0.5ms
[2022-10-15T13:38:23.770+0000][1.273s] GC(3) Eden regions: 16->0(53)
[2022-10-15T13:38:23.770+0000][1.273s] GC(3) Survivor regions: 6->1(7)
[2022-10-15T13:38:23.770+0000][1.273s] GC(3) Old regions: 16->22
[2022-10-15T13:38:23.771+0000][1.274s] GC(3) Humongous regions: 4->4
[2022-10-15T13:38:23.771+0000][1.274s] GC(3) Metaspace: 20336K->20336K(1067008K)
[2022-10-15T13:38:23.771+0000][1.274s] GC(3) Pause Young (Concurrent Start) (Metadata GC Threshold) 39M->24M(512M) 3.941ms
[2022-10-15T13:38:23.771+0000][1.274s] GC(3) User=0.00s Sys=0.00s Real=0.00s
[2022-10-15T13:38:23.771+0000][1.274s] GC(4) Concurrent Cycle
[2022-10-15T13:38:23.771+0000][1.274s] GC(4) Concurrent Clear Claimed Marks
[2022-10-15T13:38:23.771+0000][1.274s] GC(4) Concurrent Clear Claimed Marks 0.196ms
[2022-10-15T13:38:23.771+0000][1.274s] GC(4) Concurrent Scan Root Regions
[2022-10-15T13:38:23.772+0000][1.275s] GC(4) Concurrent Scan Root Regions 0.344ms
[2022-10-15T13:38:23.772+0000][1.275s] GC(4) Concurrent Mark (1.275s)
[2022-10-15T13:38:23.772+0000][1.275s] GC(4) Concurrent Mark From Roots
[2022-10-15T13:38:23.772+0000][1.275s] GC(4) Using 1 workers of 1 for marking
[2022-10-15T13:38:23.784+0000][1.287s] GC(4) Concurrent Mark From Roots 11.889ms
[2022-10-15T13:38:23.784+0000][1.287s] GC(4) Concurrent Preclean
[2022-10-15T13:38:23.784+0000][1.287s] GC(4) Concurrent Preclean 0.244ms
[2022-10-15T13:38:23.784+0000][1.288s] GC(4) Concurrent Mark (1.275s, 1.288s) 12.589ms
[2022-10-15T13:38:23.785+0000][1.288s] GC(4) Pause Remark
[2022-10-15T13:38:23.786+0000][1.289s] GC(4) Cleaned string and symbol table, strings: 8895 processed, 26 removed, symbols: 60929 processed, 39 removed
[2022-10-15T13:38:23.787+0000][1.290s] GC(4) Pause Remark 26M->26M(512M) 1.892ms
[2022-10-15T13:38:23.787+0000][1.290s] GC(4) User=0.00s Sys=0.00s Real=0.01s
[2022-10-15T13:38:23.787+0000][1.290s] GC(4) Concurrent Rebuild Remembered Sets
[2022-10-15T13:38:23.798+0000][1.301s] GC(4) Concurrent Rebuild Remembered Sets 11.199ms
[2022-10-15T13:38:23.799+0000][1.302s] GC(4) Pause Cleanup
[2022-10-15T13:38:23.799+0000][1.302s] GC(4) Pause Cleanup 29M->29M(512M) 0.202ms
[2022-10-15T13:38:23.799+0000][1.302s] GC(4) User=0.00s Sys=0.00s Real=0.00s
[2022-10-15T13:38:23.799+0000][1.302s] GC(4) Concurrent Cleanup for Next Mark
[2022-10-15T13:38:23.800+0000][1.303s] GC(4) Concurrent Cleanup for Next Mark 0.368ms
[2022-10-15T13:38:23.800+0000][1.303s] GC(4) Concurrent Cycle 28.812ms
[2022-10-15T13:38:24.110+0000][1.613s] GC(5) Pause Young (Normal) (G1 Evacuation Pause)
[2022-10-15T13:38:24.110+0000][1.613s] GC(5) Using 4 workers of 4 for evacuation
[2022-10-15T13:38:24.126+0000][1.629s] GC(5)   Pre Evacuate Collection Set: 0.0ms
[2022-10-15T13:38:24.126+0000][1.629s] GC(5)   Evacuate Collection Set: 15.8ms
[2022-10-15T13:38:24.126+0000][1.630s] GC(5)   Post Evacuate Collection Set: 0.5ms
[2022-10-15T13:38:24.127+0000][1.630s] GC(5)   Other: 0.4ms
[2022-10-15T13:38:24.127+0000][1.630s] GC(5) Eden regions: 53->0(159)
[2022-10-15T13:38:24.127+0000][1.630s] GC(5) Survivor regions: 1->4(7)
[2022-10-15T13:38:24.127+0000][1.630s] GC(5) Old regions: 22->22
[2022-10-15T13:38:24.127+0000][1.630s] GC(5) Humongous regions: 4->4
[2022-10-15T13:38:24.127+0000][1.630s] GC(5) Metaspace: 27008K->27008K(1073152K)
[2022-10-15T13:38:24.127+0000][1.630s] GC(5) Pause Young (Normal) (G1 Evacuation Pause) 77M->27M(512M) 17.515ms
[2022-10-15T13:38:24.127+0000][1.630s] GC(5) User=0.02s Sys=0.00s Real=0.02s
[2022-10-15T13:38:24.689+0000][2.192s] GC(6) Pause Young (Concurrent Start) (Metadata GC Threshold)
[2022-10-15T13:38:24.689+0000][2.192s] GC(6) Using 4 workers of 4 for evacuation
[2022-10-15T13:38:24.709+0000][2.212s] GC(6)   Pre Evacuate Collection Set: 0.1ms
[2022-10-15T13:38:24.709+0000][2.212s] GC(6)   Evacuate Collection Set: 18.3ms
[2022-10-15T13:38:24.709+0000][2.212s] GC(6)   Post Evacuate Collection Set: 0.5ms
[2022-10-15T13:38:24.709+0000][2.212s] GC(6)   Other: 0.5ms
[2022-10-15T13:38:24.709+0000][2.212s] GC(6) Eden regions: 86->0(193)
[2022-10-15T13:38:24.709+0000][2.212s] GC(6) Survivor regions: 4->11(21)
[2022-10-15T13:38:24.709+0000][2.212s] GC(6) Old regions: 22->22
[2022-10-15T13:38:24.709+0000][2.213s] GC(6) Humongous regions: 7->5
[2022-10-15T13:38:24.710+0000][2.213s] GC(6) Metaspace: 34637K->34637K(1081344K)
[2022-10-15T13:38:24.710+0000][2.213s] GC(6) Pause Young (Concurrent Start) (Metadata GC Threshold) 116M->35M(512M) 20.653ms
[2022-10-15T13:38:24.710+0000][2.213s] GC(6) User=0.04s Sys=0.01s Real=0.02s
[2022-10-15T13:38:24.710+0000][2.213s] GC(7) Concurrent Cycle
[2022-10-15T13:38:24.710+0000][2.213s] GC(7) Concurrent Clear Claimed Marks
[2022-10-15T13:38:24.710+0000][2.213s] GC(7) Concurrent Clear Claimed Marks 0.178ms
[2022-10-15T13:38:24.711+0000][2.214s] GC(7) Concurrent Scan Root Regions
[2022-10-15T13:38:24.713+0000][2.216s] GC(7) Concurrent Scan Root Regions 2.558ms
[2022-10-15T13:38:24.713+0000][2.216s] GC(7) Concurrent Mark (2.216s)
[2022-10-15T13:38:24.714+0000][2.217s] GC(7) Concurrent Mark From Roots
[2022-10-15T13:38:24.714+0000][2.217s] GC(7) Using 1 workers of 1 for marking
[2022-10-15T13:38:24.727+0000][2.230s] GC(7) Concurrent Mark From Roots 13.891ms
[2022-10-15T13:38:24.728+0000][2.231s] GC(7) Concurrent Preclean
[2022-10-15T13:38:24.728+0000][2.231s] GC(7) Concurrent Preclean 0.128ms
[2022-10-15T13:38:24.728+0000][2.231s] GC(7) Concurrent Mark (2.216s, 2.231s) 14.539ms
[2022-10-15T13:38:24.728+0000][2.231s] GC(7) Pause Remark
[2022-10-15T13:38:24.731+0000][2.234s] GC(7) Cleaned string and symbol table, strings: 15376 processed, 0 removed, symbols: 103895 processed, 82 removed
[2022-10-15T13:38:24.732+0000][2.235s] GC(7) Pause Remark 39M->39M(512M) 3.446ms
[2022-10-15T13:38:24.732+0000][2.235s] GC(7) User=0.00s Sys=0.00s Real=0.00s
[2022-10-15T13:38:24.732+0000][2.235s] GC(7) Concurrent Rebuild Remembered Sets
[2022-10-15T13:38:24.740+0000][2.244s] GC(7) Concurrent Rebuild Remembered Sets 8.753ms
[2022-10-15T13:38:24.741+0000][2.244s] GC(7) Pause Cleanup
[2022-10-15T13:38:24.741+0000][2.244s] GC(7) Pause Cleanup 40M->40M(512M) 0.175ms
[2022-10-15T13:38:24.741+0000][2.244s] GC(7) User=0.00s Sys=0.00s Real=0.00s
[2022-10-15T13:38:24.741+0000][2.244s] GC(7) Concurrent Cleanup for Next Mark
[2022-10-15T13:38:24.742+0000][2.245s] GC(7) Concurrent Cleanup for Next Mark 0.523ms
[2022-10-15T13:38:24.742+0000][2.245s] GC(7) Concurrent Cycle 31.751ms
[2022-10-15T13:38:25.766+0000][3.269s] GC(8) Pause Young (Concurrent Start) (G1 Evacuation Pause)
[2022-10-15T13:38:25.766+0000][3.270s] GC(8) Using 4 workers of 4 for evacuation
[2022-10-15T13:38:25.780+0000][3.283s] GC(8)   Pre Evacuate Collection Set: 0.1ms
[2022-10-15T13:38:25.780+0000][3.283s] GC(8)   Evacuate Collection Set: 11.4ms
[2022-10-15T13:38:25.780+0000][3.283s] GC(8)   Post Evacuate Collection Set: 1.7ms
[2022-10-15T13:38:25.781+0000][3.284s] GC(8)   Other: 0.5ms
[2022-10-15T13:38:25.781+0000][3.284s] GC(8) Eden regions: 204->0(290)
[2022-10-15T13:38:25.781+0000][3.284s] GC(8) Survivor regions: 11->17(27)
[2022-10-15T13:38:25.781+0000][3.284s] GC(8) Old regions: 22->22
[2022-10-15T13:38:25.781+0000][3.284s] GC(8) Humongous regions: 7->7
[2022-10-15T13:38:25.781+0000][3.284s] GC(8) Metaspace: 42902K->42902K(1087488K)
[2022-10-15T13:38:25.781+0000][3.284s] GC(8) Pause Young (Concurrent Start) (G1 Evacuation Pause) 241M->43M(512M) 15.014ms
[2022-10-15T13:38:25.781+0000][3.284s] GC(8) User=0.02s Sys=0.00s Real=0.02s
[2022-10-15T13:38:25.781+0000][3.285s] GC(9) Concurrent Cycle
[2022-10-15T13:38:25.782+0000][3.285s] GC(9) Concurrent Clear Claimed Marks
[2022-10-15T13:38:25.782+0000][3.285s] GC(9) Concurrent Clear Claimed Marks 0.132ms
[2022-10-15T13:38:25.782+0000][3.285s] GC(9) Concurrent Scan Root Regions
[2022-10-15T13:38:25.785+0000][3.288s] GC(9) Concurrent Scan Root Regions 3.434ms
[2022-10-15T13:38:25.786+0000][3.289s] GC(9) Concurrent Mark (3.289s)
[2022-10-15T13:38:25.786+0000][3.289s] GC(9) Concurrent Mark From Roots
[2022-10-15T13:38:25.786+0000][3.289s] GC(9) Using 1 workers of 1 for marking
[2022-10-15T13:38:25.800+0000][3.303s] GC(9) Concurrent Mark From Roots 14.720ms
[2022-10-15T13:38:25.801+0000][3.304s] GC(9) Concurrent Preclean
[2022-10-15T13:38:25.801+0000][3.304s] GC(9) Concurrent Preclean 0.142ms
[2022-10-15T13:38:25.801+0000][3.304s] GC(9) Concurrent Mark (3.289s, 3.304s) 15.261ms
[2022-10-15T13:38:25.801+0000][3.304s] GC(9) Pause Remark
[2022-10-15T13:38:25.809+0000][3.312s] GC(9) Cleaned string and symbol table, strings: 19071 processed, 0 removed, symbols: 125806 processed, 398 removed
[2022-10-15T13:38:25.810+0000][3.313s] GC(9) Pause Remark 54M->54M(512M) 8.649ms
[2022-10-15T13:38:25.810+0000][3.313s] GC(9) User=0.02s Sys=0.00s Real=0.01s
[2022-10-15T13:38:25.810+0000][3.313s] GC(9) Concurrent Rebuild Remembered Sets
[2022-10-15T13:38:25.821+0000][3.324s] GC(9) Concurrent Rebuild Remembered Sets 10.546ms
[2022-10-15T13:38:25.821+0000][3.324s] GC(9) Pause Cleanup
[2022-10-15T13:38:25.821+0000][3.324s] GC(9) Pause Cleanup 61M->61M(512M) 0.228ms
[2022-10-15T13:38:25.821+0000][3.324s] GC(9) User=0.00s Sys=0.00s Real=0.00s
[2022-10-15T13:38:25.822+0000][3.325s] GC(9) Concurrent Cleanup for Next Mark
[2022-10-15T13:38:25.834+0000][3.337s] GC(9) Concurrent Cleanup for Next Mark 12.527ms
[2022-10-15T13:38:25.834+0000][3.337s] GC(9) Concurrent Cycle 52.839ms
[2022-10-15T13:38:45.005+0000][22.508s] Heap
[2022-10-15T13:38:45.006+0000][22.509s]  garbage-first heap   total 524288K, used 118954K [0x00000000e0000000, 0x0000000100000000)
[2022-10-15T13:38:45.006+0000][22.509s]   region size 1024K, 92 young (94208K), 17 survivors (17408K)
[2022-10-15T13:38:45.006+0000][22.509s]  Metaspace       used 48205K, capacity 49471K, committed 49792K, reserved 1093632K
[2022-10-15T13:38:45.006+0000][22.509s]   class space    used 5889K, capacity 6423K, committed 6528K, reserved 1048576K
