[2022-10-12T11:12:44.658+0000][0.010s] Heap region size: 1M
[2022-10-12T11:12:44.666+0000][0.018s] Using G1
[2022-10-12T11:12:44.666+0000][0.018s] Heap address: 0x00000000e0000000, size: 512 MB, Compressed Oops mode: 32-bit
[2022-10-12T11:12:44.667+0000][0.018s] Mark closed archive regions in map: [0x00000000ffc00000, 0x00000000ffc65ff8]
[2022-10-12T11:12:44.667+0000][0.019s] Mark open archive regions in map: [0x00000000ff800000, 0x00000000ff842ff8]
[2022-10-12T11:12:44.887+0000][0.239s] GC(0) Pause Young (Normal) (G1 Evacuation Pause)
[2022-10-12T11:12:44.888+0000][0.240s] GC(0) Using 4 workers of 4 for evacuation
[2022-10-12T11:12:44.894+0000][0.246s] GC(0)   Pre Evacuate Collection Set: 0.0ms
[2022-10-12T11:12:44.894+0000][0.246s] GC(0)   Evacuate Collection Set: 4.2ms
[2022-10-12T11:12:44.894+0000][0.246s] GC(0)   Post Evacuate Collection Set: 2.2ms
[2022-10-12T11:12:44.895+0000][0.246s] GC(0)   Other: 0.6ms
[2022-10-12T11:12:44.895+0000][0.246s] GC(0) Eden regions: 25->0(303)
[2022-10-12T11:12:44.895+0000][0.247s] GC(0) Survivor regions: 0->4(4)
[2022-10-12T11:12:44.895+0000][0.247s] GC(0) Old regions: 2->2
[2022-10-12T11:12:44.895+0000][0.247s] GC(0) Humongous regions: 0->0
[2022-10-12T11:12:44.895+0000][0.247s] GC(0) Metaspace: 6641K->6641K(1056768K)
[2022-10-12T11:12:44.895+0000][0.247s] GC(0) Pause Young (Normal) (G1 Evacuation Pause) 25M->3M(512M) 7.688ms
[2022-10-12T11:12:44.895+0000][0.247s] GC(0) User=0.02s Sys=0.00s Real=0.00s
[2022-10-12T11:12:45.277+0000][0.629s] GC(1) Pause Young (Normal) (G1 Evacuation Pause)
[2022-10-12T11:12:45.277+0000][0.629s] GC(1) Using 4 workers of 4 for evacuation
[2022-10-12T11:12:45.288+0000][0.640s] GC(1)   Pre Evacuate Collection Set: 0.0ms
[2022-10-12T11:12:45.288+0000][0.640s] GC(1)   Evacuate Collection Set: 10.4ms
[2022-10-12T11:12:45.289+0000][0.640s] GC(1)   Post Evacuate Collection Set: 0.4ms
[2022-10-12T11:12:45.289+0000][0.641s] GC(1)   Other: 0.4ms
[2022-10-12T11:12:45.289+0000][0.641s] GC(1) Eden regions: 66->0(52)
[2022-10-12T11:12:45.289+0000][0.641s] GC(1) Survivor regions: 4->9(9)
[2022-10-12T11:12:45.289+0000][0.641s] GC(1) Old regions: 2->12
[2022-10-12T11:12:45.289+0000][0.641s] GC(1) Humongous regions: 4->4
[2022-10-12T11:12:45.289+0000][0.641s] GC(1) Metaspace: 17413K->17413K(1064960K)
[2022-10-12T11:12:45.289+0000][0.641s] GC(1) Pause Young (Normal) (G1 Evacuation Pause) 73M->23M(512M) 12.141ms
[2022-10-12T11:12:45.289+0000][0.641s] GC(1) User=0.03s Sys=0.01s Real=0.02s
[2022-10-12T11:12:45.352+0000][0.704s] GC(2) Pause Young (Concurrent Start) (Metadata GC Threshold)
[2022-10-12T11:12:45.352+0000][0.704s] GC(2) Using 4 workers of 4 for evacuation
[2022-10-12T11:12:45.359+0000][0.710s] GC(2)   Pre Evacuate Collection Set: 0.1ms
[2022-10-12T11:12:45.359+0000][0.711s] GC(2)   Evacuate Collection Set: 5.8ms
[2022-10-12T11:12:45.359+0000][0.711s] GC(2)   Post Evacuate Collection Set: 0.3ms
[2022-10-12T11:12:45.359+0000][0.711s] GC(2)   Other: 0.5ms
[2022-10-12T11:12:45.359+0000][0.711s] GC(2) Eden regions: 25->0(46)
[2022-10-12T11:12:45.359+0000][0.711s] GC(2) Survivor regions: 9->1(8)
[2022-10-12T11:12:45.359+0000][0.711s] GC(2) Old regions: 12->22
[2022-10-12T11:12:45.359+0000][0.711s] GC(2) Humongous regions: 4->4
[2022-10-12T11:12:45.360+0000][0.711s] GC(2) Metaspace: 20326K->20326K(1067008K)
[2022-10-12T11:12:45.360+0000][0.711s] GC(2) Pause Young (Concurrent Start) (Metadata GC Threshold) 47M->24M(512M) 7.586ms
[2022-10-12T11:12:45.360+0000][0.712s] GC(2) User=0.02s Sys=0.00s Real=0.01s
[2022-10-12T11:12:45.360+0000][0.712s] GC(3) Concurrent Cycle
[2022-10-12T11:12:45.360+0000][0.712s] GC(3) Concurrent Clear Claimed Marks
[2022-10-12T11:12:45.360+0000][0.712s] GC(3) Concurrent Clear Claimed Marks 0.144ms
[2022-10-12T11:12:45.360+0000][0.712s] GC(3) Concurrent Scan Root Regions
[2022-10-12T11:12:45.361+0000][0.712s] GC(3) Concurrent Scan Root Regions 0.297ms
[2022-10-12T11:12:45.361+0000][0.713s] GC(3) Concurrent Mark (0.713s)
[2022-10-12T11:12:45.361+0000][0.713s] GC(3) Concurrent Mark From Roots
[2022-10-12T11:12:45.361+0000][0.713s] GC(3) Using 1 workers of 1 for marking
[2022-10-12T11:12:45.373+0000][0.725s] GC(3) Concurrent Mark From Roots 11.850ms
[2022-10-12T11:12:45.373+0000][0.725s] GC(3) Concurrent Preclean
[2022-10-12T11:12:45.373+0000][0.725s] GC(3) Concurrent Preclean 0.156ms
[2022-10-12T11:12:45.373+0000][0.725s] GC(3) Concurrent Mark (0.713s, 0.725s) 12.395ms
[2022-10-12T11:12:45.373+0000][0.725s] GC(3) Pause Remark
[2022-10-12T11:12:45.376+0000][0.727s] GC(3) Cleaned string and symbol table, strings: 8915 processed, 25 removed, symbols: 61340 processed, 39 removed
[2022-10-12T11:12:45.376+0000][0.728s] GC(3) Pause Remark 27M->27M(512M) 2.668ms
[2022-10-12T11:12:45.376+0000][0.728s] GC(3) User=0.00s Sys=0.00s Real=0.00s
[2022-10-12T11:12:45.376+0000][0.728s] GC(3) Concurrent Rebuild Remembered Sets
[2022-10-12T11:12:45.388+0000][0.740s] GC(3) Concurrent Rebuild Remembered Sets 12.139ms
[2022-10-12T11:12:45.389+0000][0.741s] GC(3) Pause Cleanup
[2022-10-12T11:12:45.389+0000][0.741s] GC(3) Pause Cleanup 30M->30M(512M) 0.190ms
[2022-10-12T11:12:45.389+0000][0.741s] GC(3) User=0.01s Sys=0.00s Real=0.00s
[2022-10-12T11:12:45.389+0000][0.741s] GC(3) Concurrent Cleanup for Next Mark
[2022-10-12T11:12:45.389+0000][0.741s] GC(3) Concurrent Cleanup for Next Mark 0.316ms
[2022-10-12T11:12:45.390+0000][0.741s] GC(3) Concurrent Cycle 29.754ms
[2022-10-12T11:12:45.622+0000][0.974s] GC(4) Pause Young (Concurrent Start) (G1 Evacuation Pause)
[2022-10-12T11:12:45.623+0000][0.974s] GC(4) Using 4 workers of 4 for evacuation
[2022-10-12T11:12:45.626+0000][0.978s] GC(4)   Pre Evacuate Collection Set: 0.1ms
[2022-10-12T11:12:45.626+0000][0.978s] GC(4)   Evacuate Collection Set: 1.9ms
[2022-10-12T11:12:45.626+0000][0.978s] GC(4)   Post Evacuate Collection Set: 1.3ms
[2022-10-12T11:12:45.626+0000][0.978s] GC(4)   Other: 0.5ms
[2022-10-12T11:12:45.626+0000][0.978s] GC(4) Eden regions: 46->0(69)
[2022-10-12T11:12:45.627+0000][0.978s] GC(4) Survivor regions: 1->2(6)
[2022-10-12T11:12:45.627+0000][0.979s] GC(4) Old regions: 22->22
[2022-10-12T11:12:45.627+0000][0.979s] GC(4) Humongous regions: 4->4
[2022-10-12T11:12:45.627+0000][0.979s] GC(4) Metaspace: 26213K->26213K(1073152K)
[2022-10-12T11:12:45.627+0000][0.979s] GC(4) Pause Young (Concurrent Start) (G1 Evacuation Pause) 70M->25M(512M) 4.696ms
[2022-10-12T11:12:45.627+0000][0.979s] GC(4) User=0.02s Sys=0.00s Real=0.00s
[2022-10-12T11:12:45.627+0000][0.979s] GC(5) Concurrent Cycle
[2022-10-12T11:12:45.627+0000][0.979s] GC(5) Concurrent Clear Claimed Marks
[2022-10-12T11:12:45.628+0000][0.979s] GC(5) Concurrent Clear Claimed Marks 0.138ms
[2022-10-12T11:12:45.628+0000][0.980s] GC(5) Concurrent Scan Root Regions
[2022-10-12T11:12:45.629+0000][0.981s] GC(5) Concurrent Scan Root Regions 1.009ms
[2022-10-12T11:12:45.629+0000][0.981s] GC(5) Concurrent Mark (0.981s)
[2022-10-12T11:12:45.629+0000][0.981s] GC(5) Concurrent Mark From Roots
[2022-10-12T11:12:45.629+0000][0.981s] GC(5) Using 1 workers of 1 for marking
[2022-10-12T11:12:45.642+0000][0.993s] GC(5) Concurrent Mark From Roots 12.459ms
[2022-10-12T11:12:45.642+0000][0.994s] GC(5) Concurrent Preclean
[2022-10-12T11:12:45.642+0000][0.994s] GC(5) Concurrent Preclean 0.154ms
[2022-10-12T11:12:45.642+0000][0.994s] GC(5) Concurrent Mark (0.981s, 0.994s) 13.079ms
[2022-10-12T11:12:45.642+0000][0.994s] GC(5) Pause Remark
[2022-10-12T11:12:45.645+0000][0.996s] GC(5) Cleaned string and symbol table, strings: 11919 processed, 1 removed, symbols: 77896 processed, 36 removed
[2022-10-12T11:12:45.645+0000][0.997s] GC(5) Pause Remark 27M->27M(512M) 2.622ms
[2022-10-12T11:12:45.645+0000][0.997s] GC(5) User=0.01s Sys=0.00s Real=0.00s
[2022-10-12T11:12:45.645+0000][0.997s] GC(5) Concurrent Rebuild Remembered Sets
[2022-10-12T11:12:45.654+0000][1.005s] GC(5) Concurrent Rebuild Remembered Sets 8.374ms
[2022-10-12T11:12:45.654+0000][1.006s] GC(5) Pause Cleanup
[2022-10-12T11:12:45.654+0000][1.006s] GC(5) Pause Cleanup 28M->28M(512M) 0.235ms
[2022-10-12T11:12:45.654+0000][1.006s] GC(5) User=0.00s Sys=0.00s Real=0.00s
[2022-10-12T11:12:45.654+0000][1.006s] GC(5) Concurrent Cleanup for Next Mark
[2022-10-12T11:12:45.656+0000][1.008s] GC(5) Concurrent Cleanup for Next Mark 1.218ms
[2022-10-12T11:12:45.656+0000][1.008s] GC(5) Concurrent Cycle 28.672ms
[2022-10-12T11:12:48.455+0000][3.807s] GC(6) Pause Young (Normal) (G1 Evacuation Pause)
[2022-10-12T11:12:48.455+0000][3.807s] GC(6) Using 4 workers of 4 for evacuation
[2022-10-12T11:12:48.461+0000][3.812s] GC(6)   Pre Evacuate Collection Set: 0.0ms
[2022-10-12T11:12:48.461+0000][3.813s] GC(6)   Evacuate Collection Set: 4.3ms
[2022-10-12T11:12:48.461+0000][3.813s] GC(6)   Post Evacuate Collection Set: 1.2ms
[2022-10-12T11:12:48.461+0000][3.813s] GC(6)   Other: 0.3ms
[2022-10-12T11:12:48.461+0000][3.813s] GC(6) Eden regions: 69->0(93)
[2022-10-12T11:12:48.461+0000][3.813s] GC(6) Survivor regions: 2->7(9)
[2022-10-12T11:12:48.461+0000][3.813s] GC(6) Old regions: 22->22
[2022-10-12T11:12:48.461+0000][3.813s] GC(6) Humongous regions: 4->4
[2022-10-12T11:12:48.462+0000][3.813s] GC(6) Metaspace: 34245K->34245K(1081344K)
[2022-10-12T11:12:48.462+0000][3.814s] GC(6) Pause Young (Normal) (G1 Evacuation Pause) 94M->30M(512M) 7.037ms
[2022-10-12T11:12:48.462+0000][3.814s] GC(6) User=0.02s Sys=0.00s Real=0.01s
[2022-10-12T11:21:48.955+0000][544.379s] Heap
[2022-10-12T11:21:48.955+0000][544.379s]  garbage-first heap   total 524288K, used 99594K [0x00000000e0000000, 0x0000000100000000)
[2022-10-12T11:21:48.955+0000][544.380s]   region size 1024K, 76 young (77824K), 7 survivors (7168K)
[2022-10-12T11:21:48.956+0000][544.380s]  Metaspace       used 35457K, capacity 36485K, committed 36736K, reserved 1081344K
[2022-10-12T11:21:48.956+0000][544.380s]   class space    used 4223K, capacity 4642K, committed 4736K, reserved 1048576K
