[2022-10-15T07:28:54.040+0000][0.011s] Heap region size: 1M
[2022-10-15T07:28:54.049+0000][0.021s] Using G1
[2022-10-15T07:28:54.049+0000][0.021s] Heap address: 0x00000000e0000000, size: 512 MB, Compressed Oops mode: 32-bit
[2022-10-15T07:28:54.050+0000][0.021s] Mark closed archive regions in map: [0x00000000ffc00000, 0x00000000ffc65ff8]
[2022-10-15T07:28:54.050+0000][0.022s] Mark open archive regions in map: [0x00000000ff800000, 0x00000000ff842ff8]
[2022-10-15T07:28:54.565+0000][0.536s] GC(0) Pause Young (Normal) (G1 Evacuation Pause)
[2022-10-15T07:28:54.567+0000][0.539s] GC(0) Using 4 workers of 4 for evacuation
[2022-10-15T07:28:54.579+0000][0.551s] GC(0)   Pre Evacuate Collection Set: 0.0ms
[2022-10-15T07:28:54.579+0000][0.551s] GC(0)   Evacuate Collection Set: 10.6ms
[2022-10-15T07:28:54.579+0000][0.551s] GC(0)   Post Evacuate Collection Set: 0.7ms
[2022-10-15T07:28:54.579+0000][0.551s] GC(0)   Other: 3.1ms
[2022-10-15T07:28:54.579+0000][0.551s] GC(0) Eden regions: 25->0(304)
[2022-10-15T07:28:54.580+0000][0.551s] GC(0) Survivor regions: 0->3(4)
[2022-10-15T07:28:54.580+0000][0.551s] GC(0) Old regions: 2->2
[2022-10-15T07:28:54.580+0000][0.551s] GC(0) Humongous regions: 0->0
[2022-10-15T07:28:54.580+0000][0.552s] GC(0) Metaspace: 6728K->6728K(1056768K)
[2022-10-15T07:28:54.580+0000][0.552s] GC(0) Pause Young (Normal) (G1 Evacuation Pause) 25M->3M(512M) 15.506ms
[2022-10-15T07:28:54.580+0000][0.552s] GC(0) User=0.02s Sys=0.00s Real=0.02s
[2022-10-15T07:28:54.967+0000][0.939s] GC(1) Pause Young (Normal) (G1 Evacuation Pause)
[2022-10-15T07:28:54.967+0000][0.939s] GC(1) Using 4 workers of 4 for evacuation
[2022-10-15T07:28:54.980+0000][0.952s] GC(1)   Pre Evacuate Collection Set: 0.0ms
[2022-10-15T07:28:54.981+0000][0.952s] GC(1)   Evacuate Collection Set: 12.4ms
[2022-10-15T07:28:54.981+0000][0.952s] GC(1)   Post Evacuate Collection Set: 0.4ms
[2022-10-15T07:28:54.981+0000][0.952s] GC(1)   Other: 0.3ms
[2022-10-15T07:28:54.981+0000][0.953s] GC(1) Eden regions: 28->0(34)
[2022-10-15T07:28:54.981+0000][0.953s] GC(1) Survivor regions: 3->4(4)
[2022-10-15T07:28:54.981+0000][0.953s] GC(1) Old regions: 2->11
[2022-10-15T07:28:54.981+0000][0.953s] GC(1) Humongous regions: 4->4
[2022-10-15T07:28:54.981+0000][0.953s] GC(1) Metaspace: 14097K->14097K(1062912K)
[2022-10-15T07:28:54.981+0000][0.953s] GC(1) Pause Young (Normal) (G1 Evacuation Pause) 35M->16M(512M) 14.082ms
[2022-10-15T07:28:54.981+0000][0.953s] GC(1) User=0.03s Sys=0.01s Real=0.01s
[2022-10-15T07:28:55.248+0000][1.220s] GC(2) Pause Young (Normal) (G1 Evacuation Pause)
[2022-10-15T07:28:55.248+0000][1.220s] GC(2) Using 4 workers of 4 for evacuation
[2022-10-15T07:28:55.252+0000][1.224s] GC(2)   Pre Evacuate Collection Set: 0.0ms
[2022-10-15T07:28:55.253+0000][1.224s] GC(2)   Evacuate Collection Set: 4.0ms
[2022-10-15T07:28:55.253+0000][1.224s] GC(2)   Post Evacuate Collection Set: 0.3ms
[2022-10-15T07:28:55.253+0000][1.224s] GC(2)   Other: 0.3ms
[2022-10-15T07:28:55.253+0000][1.225s] GC(2) Eden regions: 34->0(46)
[2022-10-15T07:28:55.253+0000][1.225s] GC(2) Survivor regions: 4->5(5)
[2022-10-15T07:28:55.253+0000][1.225s] GC(2) Old regions: 11->16
[2022-10-15T07:28:55.253+0000][1.225s] GC(2) Humongous regions: 4->4
[2022-10-15T07:28:55.253+0000][1.225s] GC(2) Metaspace: 16900K->16900K(1064960K)
[2022-10-15T07:28:55.253+0000][1.225s] GC(2) Pause Young (Normal) (G1 Evacuation Pause) 50M->23M(512M) 5.330ms
[2022-10-15T07:28:55.253+0000][1.225s] GC(2) User=0.00s Sys=0.00s Real=0.00s
[2022-10-15T07:28:55.381+0000][1.353s] GC(3) Pause Young (Concurrent Start) (Metadata GC Threshold)
[2022-10-15T07:28:55.381+0000][1.353s] GC(3) Using 4 workers of 4 for evacuation
[2022-10-15T07:28:55.386+0000][1.358s] GC(3)   Pre Evacuate Collection Set: 0.1ms
[2022-10-15T07:28:55.386+0000][1.358s] GC(3)   Evacuate Collection Set: 4.2ms
[2022-10-15T07:28:55.386+0000][1.358s] GC(3)   Post Evacuate Collection Set: 0.3ms
[2022-10-15T07:28:55.386+0000][1.358s] GC(3)   Other: 0.4ms
[2022-10-15T07:28:55.387+0000][1.358s] GC(3) Eden regions: 29->0(54)
[2022-10-15T07:28:55.387+0000][1.358s] GC(3) Survivor regions: 5->1(7)
[2022-10-15T07:28:55.387+0000][1.358s] GC(3) Old regions: 16->22
[2022-10-15T07:28:55.387+0000][1.359s] GC(3) Humongous regions: 4->4
[2022-10-15T07:28:55.387+0000][1.359s] GC(3) Metaspace: 20378K->20378K(1067008K)
[2022-10-15T07:28:55.387+0000][1.359s] GC(3) Pause Young (Concurrent Start) (Metadata GC Threshold) 52M->24M(512M) 5.826ms
[2022-10-15T07:28:55.387+0000][1.359s] GC(3) User=0.01s Sys=0.00s Real=0.00s
[2022-10-15T07:28:55.387+0000][1.359s] GC(4) Concurrent Cycle
[2022-10-15T07:28:55.387+0000][1.359s] GC(4) Concurrent Clear Claimed Marks
[2022-10-15T07:28:55.388+0000][1.359s] GC(4) Concurrent Clear Claimed Marks 0.187ms
[2022-10-15T07:28:55.388+0000][1.359s] GC(4) Concurrent Scan Root Regions
[2022-10-15T07:28:55.388+0000][1.360s] GC(4) Concurrent Scan Root Regions 0.406ms
[2022-10-15T07:28:55.388+0000][1.360s] GC(4) Concurrent Mark (1.360s)
[2022-10-15T07:28:55.388+0000][1.360s] GC(4) Concurrent Mark From Roots
[2022-10-15T07:28:55.388+0000][1.360s] GC(4) Using 1 workers of 1 for marking
[2022-10-15T07:28:55.405+0000][1.377s] GC(4) Concurrent Mark From Roots 17.221ms
[2022-10-15T07:28:55.406+0000][1.377s] GC(4) Concurrent Preclean
[2022-10-15T07:28:55.406+0000][1.377s] GC(4) Concurrent Preclean 0.214ms
[2022-10-15T07:28:55.406+0000][1.378s] GC(4) Concurrent Mark (1.360s, 1.378s) 17.739ms
[2022-10-15T07:28:55.406+0000][1.378s] GC(4) Pause Remark
[2022-10-15T07:28:55.408+0000][1.380s] GC(4) Cleaned string and symbol table, strings: 8975 processed, 25 removed, symbols: 62187 processed, 40 removed
[2022-10-15T07:28:55.408+0000][1.380s] GC(4) Pause Remark 28M->28M(512M) 2.049ms
[2022-10-15T07:28:55.408+0000][1.380s] GC(4) User=0.00s Sys=0.00s Real=0.01s
[2022-10-15T07:28:55.408+0000][1.380s] GC(4) Concurrent Rebuild Remembered Sets
[2022-10-15T07:28:55.422+0000][1.393s] GC(4) Concurrent Rebuild Remembered Sets 13.358ms
[2022-10-15T07:28:55.422+0000][1.394s] GC(4) Pause Cleanup
[2022-10-15T07:28:55.422+0000][1.394s] GC(4) Pause Cleanup 31M->31M(512M) 0.191ms
[2022-10-15T07:28:55.422+0000][1.394s] GC(4) User=0.00s Sys=0.00s Real=0.00s
[2022-10-15T07:28:55.422+0000][1.394s] GC(4) Concurrent Cleanup for Next Mark
[2022-10-15T07:28:55.423+0000][1.394s] GC(4) Concurrent Cleanup for Next Mark 0.287ms
[2022-10-15T07:28:55.423+0000][1.394s] GC(4) Concurrent Cycle 35.453ms
[2022-10-15T07:28:55.846+0000][1.818s] GC(5) Pause Young (Concurrent Start) (G1 Evacuation Pause)
[2022-10-15T07:28:55.846+0000][1.818s] GC(5) Using 4 workers of 4 for evacuation
[2022-10-15T07:28:55.851+0000][1.823s] GC(5)   Pre Evacuate Collection Set: 0.1ms
[2022-10-15T07:28:55.852+0000][1.823s] GC(5)   Evacuate Collection Set: 4.6ms
[2022-10-15T07:28:55.852+0000][1.823s] GC(5)   Post Evacuate Collection Set: 0.3ms
[2022-10-15T07:28:55.852+0000][1.823s] GC(5)   Other: 0.3ms
[2022-10-15T07:28:55.852+0000][1.823s] GC(5) Eden regions: 54->0(92)
[2022-10-15T07:28:55.852+0000][1.823s] GC(5) Survivor regions: 1->4(7)
[2022-10-15T07:28:55.852+0000][1.823s] GC(5) Old regions: 22->22
[2022-10-15T07:28:55.852+0000][1.824s] GC(5) Humongous regions: 4->4
[2022-10-15T07:28:55.852+0000][1.824s] GC(5) Metaspace: 27187K->27187K(1075200K)
[2022-10-15T07:28:55.852+0000][1.824s] GC(5) Pause Young (Concurrent Start) (G1 Evacuation Pause) 78M->27M(512M) 5.834ms
[2022-10-15T07:28:55.852+0000][1.824s] GC(5) User=0.00s Sys=0.01s Real=0.01s
[2022-10-15T07:28:55.852+0000][1.824s] GC(6) Concurrent Cycle
[2022-10-15T07:28:55.852+0000][1.824s] GC(6) Concurrent Clear Claimed Marks
[2022-10-15T07:28:55.852+0000][1.824s] GC(6) Concurrent Clear Claimed Marks 0.140ms
[2022-10-15T07:28:55.852+0000][1.824s] GC(6) Concurrent Scan Root Regions
[2022-10-15T07:28:55.854+0000][1.825s] GC(6) Concurrent Scan Root Regions 1.374ms
[2022-10-15T07:28:55.854+0000][1.826s] GC(6) Concurrent Mark (1.826s)
[2022-10-15T07:28:55.854+0000][1.826s] GC(6) Concurrent Mark From Roots
[2022-10-15T07:28:55.854+0000][1.826s] GC(6) Using 1 workers of 1 for marking
[2022-10-15T07:28:55.866+0000][1.837s] GC(6) Concurrent Mark From Roots 11.643ms
[2022-10-15T07:28:55.866+0000][1.837s] GC(6) Concurrent Preclean
[2022-10-15T07:28:55.866+0000][1.838s] GC(6) Concurrent Preclean 0.171ms
[2022-10-15T07:28:55.866+0000][1.838s] GC(6) Concurrent Mark (1.826s, 1.838s) 12.109ms
[2022-10-15T07:28:55.866+0000][1.838s] GC(6) Pause Remark
[2022-10-15T07:28:55.868+0000][1.840s] GC(6) Cleaned string and symbol table, strings: 12271 processed, 1 removed, symbols: 80114 processed, 35 removed
[2022-10-15T07:28:55.869+0000][1.840s] GC(6) Pause Remark 30M->30M(512M) 2.405ms
[2022-10-15T07:28:55.869+0000][1.840s] GC(6) User=0.00s Sys=0.00s Real=0.01s
[2022-10-15T07:28:55.869+0000][1.840s] GC(6) Concurrent Rebuild Remembered Sets
[2022-10-15T07:28:55.877+0000][1.848s] GC(6) Concurrent Rebuild Remembered Sets 8.060ms
[2022-10-15T07:28:55.877+0000][1.849s] GC(6) Pause Cleanup
[2022-10-15T07:28:55.877+0000][1.849s] GC(6) Pause Cleanup 31M->31M(512M) 0.159ms
[2022-10-15T07:28:55.877+0000][1.849s] GC(6) User=0.00s Sys=0.00s Real=0.01s
[2022-10-15T07:28:55.877+0000][1.849s] GC(6) Concurrent Cleanup for Next Mark
[2022-10-15T07:28:55.878+0000][1.849s] GC(6) Concurrent Cleanup for Next Mark 0.296ms
[2022-10-15T07:28:55.878+0000][1.850s] GC(6) Concurrent Cycle 25.757ms
[2022-10-15T08:39:02.567+0000][4208.642s] GC(7) Pause Young (Normal) (G1 Evacuation Pause)
[2022-10-15T08:39:02.569+0000][4208.644s] GC(7) Using 4 workers of 4 for evacuation
[2022-10-15T08:39:02.622+0000][4208.696s] GC(7)   Pre Evacuate Collection Set: 1.5ms
[2022-10-15T08:39:02.622+0000][4208.697s] GC(7)   Evacuate Collection Set: 46.6ms
[2022-10-15T08:39:02.622+0000][4208.697s] GC(7)   Post Evacuate Collection Set: 1.3ms
[2022-10-15T08:39:02.622+0000][4208.697s] GC(7)   Other: 5.3ms
[2022-10-15T08:39:02.623+0000][4208.697s] GC(7) Eden regions: 92->0(131)
[2022-10-15T08:39:02.623+0000][4208.698s] GC(7) Survivor regions: 4->7(12)
[2022-10-15T08:39:02.623+0000][4208.698s] GC(7) Old regions: 22->22
[2022-10-15T08:39:02.623+0000][4208.698s] GC(7) Humongous regions: 4->4
[2022-10-15T08:39:02.623+0000][4208.698s] GC(7) Metaspace: 34665K->34665K(1081344K)
[2022-10-15T08:39:02.623+0000][4208.698s] GC(7) Pause Young (Normal) (G1 Evacuation Pause) 119M->30M(512M) 56.174ms
[2022-10-15T08:39:02.624+0000][4208.698s] GC(7) User=0.19s Sys=0.00s Real=0.05s
[2022-10-15T09:11:44.163+0000][6170.271s] GC(8) Pause Young (Normal) (G1 Evacuation Pause)
[2022-10-15T09:11:44.164+0000][6170.271s] GC(8) Using 4 workers of 4 for evacuation
[2022-10-15T09:11:44.181+0000][6170.289s] GC(8)   Pre Evacuate Collection Set: 0.0ms
[2022-10-15T09:11:44.181+0000][6170.289s] GC(8)   Evacuate Collection Set: 9.6ms
[2022-10-15T09:11:44.181+0000][6170.289s] GC(8)   Post Evacuate Collection Set: 7.9ms
[2022-10-15T09:11:44.182+0000][6170.289s] GC(8)   Other: 0.5ms
[2022-10-15T09:11:44.182+0000][6170.289s] GC(8) Eden regions: 131->0(295)
[2022-10-15T09:11:44.182+0000][6170.289s] GC(8) Survivor regions: 7->12(18)
[2022-10-15T09:11:44.182+0000][6170.289s] GC(8) Old regions: 22->22
[2022-10-15T09:11:44.182+0000][6170.289s] GC(8) Humongous regions: 5->4
[2022-10-15T09:11:44.182+0000][6170.289s] GC(8) Metaspace: 41658K->41658K(1087488K)
[2022-10-15T09:11:44.182+0000][6170.289s] GC(8) Pause Young (Normal) (G1 Evacuation Pause) 162M->35M(512M) 18.641ms
[2022-10-15T09:11:44.182+0000][6170.289s] GC(8) User=0.04s Sys=0.00s Real=0.02s
[2022-10-15T09:11:44.459+0000][6170.567s] GC(9) Pause Young (Concurrent Start) (Metadata GC Threshold)
[2022-10-15T09:11:44.459+0000][6170.567s] GC(9) Using 4 workers of 4 for evacuation
[2022-10-15T09:11:44.470+0000][6170.577s] GC(9)   Pre Evacuate Collection Set: 0.2ms
[2022-10-15T09:11:44.470+0000][6170.577s] GC(9)   Evacuate Collection Set: 8.6ms
[2022-10-15T09:11:44.470+0000][6170.578s] GC(9)   Post Evacuate Collection Set: 1.2ms
[2022-10-15T09:11:44.470+0000][6170.578s] GC(9)   Other: 0.5ms
[2022-10-15T09:11:44.470+0000][6170.578s] GC(9) Eden regions: 107->0(291)
[2022-10-15T09:11:44.470+0000][6170.578s] GC(9) Survivor regions: 12->16(39)
[2022-10-15T09:11:44.470+0000][6170.578s] GC(9) Old regions: 22->22
[2022-10-15T09:11:44.470+0000][6170.578s] GC(9) Humongous regions: 4->4
[2022-10-15T09:11:44.471+0000][6170.578s] GC(9) Metaspace: 46464K->46464K(1091584K)
[2022-10-15T09:11:44.471+0000][6170.578s] GC(9) Pause Young (Concurrent Start) (Metadata GC Threshold) 141M->40M(512M) 11.403ms
[2022-10-15T09:11:44.471+0000][6170.578s] GC(9) User=0.02s Sys=0.00s Real=0.01s
[2022-10-15T09:11:44.471+0000][6170.578s] GC(10) Concurrent Cycle
[2022-10-15T09:11:44.471+0000][6170.578s] GC(10) Concurrent Clear Claimed Marks
[2022-10-15T09:11:44.471+0000][6170.579s] GC(10) Concurrent Clear Claimed Marks 0.215ms
[2022-10-15T09:11:44.471+0000][6170.579s] GC(10) Concurrent Scan Root Regions
[2022-10-15T09:11:44.476+0000][6170.584s] GC(10) Concurrent Scan Root Regions 5.028ms
[2022-10-15T09:11:44.476+0000][6170.584s] GC(10) Concurrent Mark (6170.584s)
[2022-10-15T09:11:44.477+0000][6170.584s] GC(10) Concurrent Mark From Roots
[2022-10-15T09:11:44.477+0000][6170.584s] GC(10) Using 1 workers of 1 for marking
[2022-10-15T09:11:44.491+0000][6170.599s] GC(10) Concurrent Mark From Roots 14.684ms
[2022-10-15T09:11:44.491+0000][6170.599s] GC(10) Concurrent Preclean
[2022-10-15T09:11:44.492+0000][6170.599s] GC(10) Concurrent Preclean 0.240ms
[2022-10-15T09:11:44.492+0000][6170.599s] GC(10) Concurrent Mark (6170.584s, 6170.599s) 15.327ms
[2022-10-15T09:11:44.492+0000][6170.599s] GC(10) Pause Remark
[2022-10-15T09:11:44.502+0000][6170.610s] GC(10) Cleaned string and symbol table, strings: 23308 processed, 975 removed, symbols: 133013 processed, 561 removed
[2022-10-15T09:11:44.503+0000][6170.610s] GC(10) Pause Remark 44M->44M(512M) 10.772ms
[2022-10-15T09:11:44.503+0000][6170.610s] GC(10) User=0.03s Sys=0.00s Real=0.01s
[2022-10-15T09:11:44.503+0000][6170.610s] GC(10) Concurrent Rebuild Remembered Sets
[2022-10-15T09:11:44.512+0000][6170.619s] GC(10) Concurrent Rebuild Remembered Sets 8.684ms
[2022-10-15T09:11:44.512+0000][6170.619s] GC(10) Pause Cleanup
[2022-10-15T09:11:44.512+0000][6170.620s] GC(10) Pause Cleanup 45M->45M(512M) 0.175ms
[2022-10-15T09:11:44.512+0000][6170.620s] GC(10) User=0.00s Sys=0.00s Real=0.00s
[2022-10-15T09:11:44.512+0000][6170.620s] GC(10) Concurrent Cleanup for Next Mark
[2022-10-15T09:11:44.515+0000][6170.622s] GC(10) Concurrent Cleanup for Next Mark 2.783ms
[2022-10-15T09:11:44.515+0000][6170.623s] GC(10) Concurrent Cycle 44.272ms
[2022-10-15T09:18:34.405+0000][6580.555s] GC(11) Pause Young (Concurrent Start) (G1 Evacuation Pause)
[2022-10-15T09:18:34.406+0000][6580.556s] GC(11) Using 4 workers of 4 for evacuation
[2022-10-15T09:18:34.434+0000][6580.583s] GC(11)   Pre Evacuate Collection Set: 0.2ms
[2022-10-15T09:18:34.434+0000][6580.583s] GC(11)   Evacuate Collection Set: 17.3ms
[2022-10-15T09:18:34.434+0000][6580.583s] GC(11)   Post Evacuate Collection Set: 9.3ms
[2022-10-15T09:18:34.434+0000][6580.584s] GC(11)   Other: 1.4ms
[2022-10-15T09:18:34.434+0000][6580.584s] GC(11) Eden regions: 291->0(276)
[2022-10-15T09:18:34.434+0000][6580.584s] GC(11) Survivor regions: 16->31(39)
[2022-10-15T09:18:34.435+0000][6580.584s] GC(11) Old regions: 22->22
[2022-10-15T09:18:34.435+0000][6580.584s] GC(11) Humongous regions: 4->4
[2022-10-15T09:18:34.435+0000][6580.584s] GC(11) Metaspace: 49684K->49684K(1093632K)
[2022-10-15T09:18:34.435+0000][6580.584s] GC(11) Pause Young (Concurrent Start) (G1 Evacuation Pause) 331M->54M(512M) 29.495ms
[2022-10-15T09:18:34.435+0000][6580.584s] GC(11) User=0.08s Sys=0.00s Real=0.03s
[2022-10-15T09:18:34.435+0000][6580.585s] GC(12) Concurrent Cycle
[2022-10-15T09:18:34.435+0000][6580.585s] GC(12) Concurrent Clear Claimed Marks
[2022-10-15T09:18:34.436+0000][6580.585s] GC(12) Concurrent Clear Claimed Marks 0.276ms
[2022-10-15T09:18:34.436+0000][6580.585s] GC(12) Concurrent Scan Root Regions
[2022-10-15T09:18:34.445+0000][6580.595s] GC(12) Concurrent Scan Root Regions 9.277ms
[2022-10-15T09:18:34.445+0000][6580.595s] GC(12) Concurrent Mark (6580.595s)
[2022-10-15T09:18:34.445+0000][6580.595s] GC(12) Concurrent Mark From Roots
[2022-10-15T09:18:34.446+0000][6580.595s] GC(12) Using 1 workers of 1 for marking
[2022-10-15T09:18:34.460+0000][6580.610s] GC(12) Concurrent Mark From Roots 14.738ms
[2022-10-15T09:18:34.460+0000][6580.610s] GC(12) Concurrent Preclean
[2022-10-15T09:18:34.461+0000][6580.610s] GC(12) Concurrent Preclean 0.310ms
[2022-10-15T09:18:34.461+0000][6580.610s] GC(12) Concurrent Mark (6580.595s, 6580.610s) 15.640ms
[2022-10-15T09:18:34.461+0000][6580.611s] GC(12) Pause Remark
[2022-10-15T09:18:34.465+0000][6580.615s] GC(12) Cleaned string and symbol table, strings: 23614 processed, 5 removed, symbols: 136179 processed, 65 removed
[2022-10-15T09:18:34.466+0000][6580.615s] GC(12) Pause Remark 60M->60M(512M) 4.389ms
[2022-10-15T09:18:34.466+0000][6580.615s] GC(12) User=0.01s Sys=0.00s Real=0.00s
[2022-10-15T09:18:34.466+0000][6580.616s] GC(12) Concurrent Rebuild Remembered Sets
[2022-10-15T09:18:34.474+0000][6580.624s] GC(12) Concurrent Rebuild Remembered Sets 8.117ms
[2022-10-15T09:18:34.474+0000][6580.624s] GC(12) Pause Cleanup
[2022-10-15T09:18:34.475+0000][6580.624s] GC(12) Pause Cleanup 61M->61M(512M) 0.241ms
[2022-10-15T09:18:34.475+0000][6580.624s] GC(12) User=0.00s Sys=0.00s Real=0.00s
[2022-10-15T09:18:34.475+0000][6580.625s] GC(12) Concurrent Cleanup for Next Mark
[2022-10-15T09:18:34.478+0000][6580.627s] GC(12) Concurrent Cleanup for Next Mark 2.629ms
[2022-10-15T09:18:34.478+0000][6580.628s] GC(12) Concurrent Cycle 43.321ms
[2022-10-15T09:25:18.677+0000][6984.831s] GC(13) Pause Young (Normal) (G1 Evacuation Pause)
[2022-10-15T09:25:18.678+0000][6984.832s] GC(13) Using 4 workers of 4 for evacuation
[2022-10-15T09:25:18.698+0000][6984.852s] GC(13)   Pre Evacuate Collection Set: 0.0ms
[2022-10-15T09:25:18.698+0000][6984.852s] GC(13)   Evacuate Collection Set: 14.4ms
[2022-10-15T09:25:18.698+0000][6984.852s] GC(13)   Post Evacuate Collection Set: 5.6ms
[2022-10-15T09:25:18.698+0000][6984.852s] GC(13)   Other: 1.5ms
[2022-10-15T09:25:18.698+0000][6984.852s] GC(13) Eden regions: 276->0(287)
[2022-10-15T09:25:18.699+0000][6984.853s] GC(13) Survivor regions: 31->20(39)
[2022-10-15T09:25:18.699+0000][6984.853s] GC(13) Old regions: 22->32
[2022-10-15T09:25:18.699+0000][6984.853s] GC(13) Humongous regions: 4->4
[2022-10-15T09:25:18.699+0000][6984.853s] GC(13) Metaspace: 50592K->50592K(1095680K)
[2022-10-15T09:25:18.699+0000][6984.853s] GC(13) Pause Young (Normal) (G1 Evacuation Pause) 330M->53M(512M) 22.260ms
[2022-10-15T09:25:18.699+0000][6984.853s] GC(13) User=0.08s Sys=0.00s Real=0.02s
[2022-10-15T09:33:43.389+0000][7489.570s] GC(14) Pause Young (Normal) (G1 Evacuation Pause)
[2022-10-15T09:33:43.391+0000][7489.572s] GC(14) Using 4 workers of 4 for evacuation
[2022-10-15T09:33:43.418+0000][7489.598s] GC(14)   Pre Evacuate Collection Set: 0.1ms
[2022-10-15T09:33:43.418+0000][7489.599s] GC(14)   Evacuate Collection Set: 17.6ms
[2022-10-15T09:33:43.418+0000][7489.599s] GC(14)   Post Evacuate Collection Set: 8.0ms
[2022-10-15T09:33:43.418+0000][7489.599s] GC(14)   Other: 3.2ms
[2022-10-15T09:33:43.419+0000][7489.600s] GC(14) Eden regions: 287->0(289)
[2022-10-15T09:33:43.419+0000][7489.600s] GC(14) Survivor regions: 20->18(39)
[2022-10-15T09:33:43.419+0000][7489.600s] GC(14) Old regions: 32->32
[2022-10-15T09:33:43.419+0000][7489.600s] GC(14) Humongous regions: 4->4
[2022-10-15T09:33:43.419+0000][7489.600s] GC(14) Metaspace: 50897K->50897K(1095680K)
[2022-10-15T09:33:43.420+0000][7489.601s] GC(14) Pause Young (Normal) (G1 Evacuation Pause) 340M->52M(512M) 30.981ms
[2022-10-15T09:33:43.420+0000][7489.601s] GC(14) User=0.07s Sys=0.00s Real=0.03s
[2022-10-15T13:20:00.124+0000][21066.028s] GC(15) Pause Young (Normal) (G1 Evacuation Pause)
[2022-10-15T13:20:00.124+0000][21066.028s] GC(15) Using 4 workers of 4 for evacuation
[2022-10-15T13:20:00.143+0000][21066.046s] GC(15)   Pre Evacuate Collection Set: 0.2ms
[2022-10-15T13:20:00.143+0000][21066.046s] GC(15)   Evacuate Collection Set: 16.8ms
[2022-10-15T13:20:00.143+0000][21066.047s] GC(15)   Post Evacuate Collection Set: 0.9ms
[2022-10-15T13:20:00.143+0000][21066.047s] GC(15)   Other: 0.7ms
[2022-10-15T13:20:00.143+0000][21066.047s] GC(15) Eden regions: 289->0(292)
[2022-10-15T13:20:00.143+0000][21066.047s] GC(15) Survivor regions: 18->15(39)
[2022-10-15T13:20:00.143+0000][21066.047s] GC(15) Old regions: 32->32
[2022-10-15T13:20:00.144+0000][21066.047s] GC(15) Humongous regions: 6->5
[2022-10-15T13:20:00.144+0000][21066.047s] GC(15) Metaspace: 52827K->52827K(1097728K)
[2022-10-15T13:20:00.144+0000][21066.047s] GC(15) Pause Young (Normal) (G1 Evacuation Pause) 343M->49M(512M) 19.861ms
[2022-10-15T13:20:00.144+0000][21066.048s] GC(15) User=0.06s Sys=0.00s Real=0.02s
[2022-10-15T13:21:23.146+0000][21149.055s] Heap
[2022-10-15T13:21:23.147+0000][21149.056s]  garbage-first heap   total 524288K, used 294482K [0x00000000e0000000, 0x0000000100000000)
[2022-10-15T13:21:23.147+0000][21149.056s]   region size 1024K, 250 young (256000K), 15 survivors (15360K)
[2022-10-15T13:21:23.147+0000][21149.056s]  Metaspace       used 54727K, capacity 56383K, committed 56560K, reserved 1099776K
[2022-10-15T13:21:23.147+0000][21149.056s]   class space    used 6357K, capacity 6978K, committed 7040K, reserved 1048576K
