[2022-10-12T11:22:30.921+0000][0.010s] Heap region size: 1M
[2022-10-12T11:22:30.932+0000][0.021s] Using G1
[2022-10-12T11:22:30.932+0000][0.021s] Heap address: 0x00000000e0000000, size: 512 MB, Compressed Oops mode: 32-bit
[2022-10-12T11:22:30.932+0000][0.022s] Mark closed archive regions in map: [0x00000000ffc00000, 0x00000000ffc65ff8]
[2022-10-12T11:22:30.933+0000][0.022s] Mark open archive regions in map: [0x00000000ff800000, 0x00000000ff842ff8]
[2022-10-12T11:22:31.173+0000][0.263s] GC(0) Pause Young (Normal) (G1 Evacuation Pause)
[2022-10-12T11:22:31.174+0000][0.263s] GC(0) Using 4 workers of 4 for evacuation
[2022-10-12T11:22:31.179+0000][0.268s] GC(0)   Pre Evacuate Collection Set: 0.0ms
[2022-10-12T11:22:31.179+0000][0.268s] GC(0)   Evacuate Collection Set: 3.7ms
[2022-10-12T11:22:31.179+0000][0.268s] GC(0)   Post Evacuate Collection Set: 1.1ms
[2022-10-12T11:22:31.179+0000][0.268s] GC(0)   Other: 0.7ms
[2022-10-12T11:22:31.179+0000][0.269s] GC(0) Eden regions: 25->0(304)
[2022-10-12T11:22:31.179+0000][0.269s] GC(0) Survivor regions: 0->3(4)
[2022-10-12T11:22:31.180+0000][0.269s] GC(0) Old regions: 2->2
[2022-10-12T11:22:31.180+0000][0.269s] GC(0) Humongous regions: 0->0
[2022-10-12T11:22:31.180+0000][0.269s] GC(0) Metaspace: 6694K->6694K(1056768K)
[2022-10-12T11:22:31.180+0000][0.269s] GC(0) Pause Young (Normal) (G1 Evacuation Pause) 25M->3M(512M) 6.614ms
[2022-10-12T11:22:31.180+0000][0.269s] GC(0) User=0.02s Sys=0.00s Real=0.01s
[2022-10-12T11:22:31.541+0000][0.630s] GC(1) Pause Young (Normal) (G1 Evacuation Pause)
[2022-10-12T11:22:31.541+0000][0.631s] GC(1) Using 4 workers of 4 for evacuation
[2022-10-12T11:22:31.556+0000][0.645s] GC(1)   Pre Evacuate Collection Set: 0.0ms
[2022-10-12T11:22:31.556+0000][0.645s] GC(1)   Evacuate Collection Set: 13.6ms
[2022-10-12T11:22:31.556+0000][0.645s] GC(1)   Post Evacuate Collection Set: 0.5ms
[2022-10-12T11:22:31.556+0000][0.645s] GC(1)   Other: 0.3ms
[2022-10-12T11:22:31.556+0000][0.645s] GC(1) Eden regions: 63->0(51)
[2022-10-12T11:22:31.556+0000][0.645s] GC(1) Survivor regions: 3->9(9)
[2022-10-12T11:22:31.556+0000][0.645s] GC(1) Old regions: 2->12
[2022-10-12T11:22:31.556+0000][0.646s] GC(1) Humongous regions: 4->4
[2022-10-12T11:22:31.556+0000][0.646s] GC(1) Metaspace: 16761K->16761K(1064960K)
[2022-10-12T11:22:31.556+0000][0.646s] GC(1) Pause Young (Normal) (G1 Evacuation Pause) 70M->23M(512M) 15.148ms
[2022-10-12T11:22:31.556+0000][0.646s] GC(1) User=0.05s Sys=0.00s Real=0.02s
[2022-10-12T11:22:31.647+0000][0.736s] GC(2) Pause Young (Concurrent Start) (Metadata GC Threshold)
[2022-10-12T11:22:31.647+0000][0.736s] GC(2) Using 4 workers of 4 for evacuation
[2022-10-12T11:22:31.653+0000][0.742s] GC(2)   Pre Evacuate Collection Set: 0.1ms
[2022-10-12T11:22:31.653+0000][0.742s] GC(2)   Evacuate Collection Set: 5.7ms
[2022-10-12T11:22:31.653+0000][0.743s] GC(2)   Post Evacuate Collection Set: 0.3ms
[2022-10-12T11:22:31.653+0000][0.743s] GC(2)   Other: 0.3ms
[2022-10-12T11:22:31.654+0000][0.743s] GC(2) Eden regions: 29->0(45)
[2022-10-12T11:22:31.654+0000][0.743s] GC(2) Survivor regions: 9->1(8)
[2022-10-12T11:22:31.654+0000][0.743s] GC(2) Old regions: 12->21
[2022-10-12T11:22:31.654+0000][0.743s] GC(2) Humongous regions: 4->4
[2022-10-12T11:22:31.654+0000][0.743s] GC(2) Metaspace: 20366K->20366K(1067008K)
[2022-10-12T11:22:31.654+0000][0.743s] GC(2) Pause Young (Concurrent Start) (Metadata GC Threshold) 52M->24M(512M) 7.462ms
[2022-10-12T11:22:31.654+0000][0.743s] GC(2) User=0.01s Sys=0.01s Real=0.00s
[2022-10-12T11:22:31.654+0000][0.744s] GC(3) Concurrent Cycle
[2022-10-12T11:22:31.654+0000][0.744s] GC(3) Concurrent Clear Claimed Marks
[2022-10-12T11:22:31.655+0000][0.744s] GC(3) Concurrent Clear Claimed Marks 0.119ms
[2022-10-12T11:22:31.655+0000][0.744s] GC(3) Concurrent Scan Root Regions
[2022-10-12T11:22:31.655+0000][0.744s] GC(3) Concurrent Scan Root Regions 0.489ms
[2022-10-12T11:22:31.655+0000][0.745s] GC(3) Concurrent Mark (0.745s)
[2022-10-12T11:22:31.656+0000][0.745s] GC(3) Concurrent Mark From Roots
[2022-10-12T11:22:31.656+0000][0.745s] GC(3) Using 1 workers of 1 for marking
[2022-10-12T11:22:31.669+0000][0.758s] GC(3) Concurrent Mark From Roots 13.319ms
[2022-10-12T11:22:31.669+0000][0.758s] GC(3) Concurrent Preclean
[2022-10-12T11:22:31.669+0000][0.759s] GC(3) Concurrent Preclean 0.234ms
[2022-10-12T11:22:31.670+0000][0.759s] GC(3) Concurrent Mark (0.745s, 0.759s) 14.190ms
[2022-10-12T11:22:31.670+0000][0.759s] GC(3) Pause Remark
[2022-10-12T11:22:31.672+0000][0.761s] GC(3) Cleaned string and symbol table, strings: 8934 processed, 0 removed, symbols: 61584 processed, 38 removed
[2022-10-12T11:22:31.672+0000][0.761s] GC(3) Pause Remark 27M->27M(512M) 2.025ms
[2022-10-12T11:22:31.672+0000][0.761s] GC(3) User=0.00s Sys=0.00s Real=0.00s
[2022-10-12T11:22:31.672+0000][0.761s] GC(3) Concurrent Rebuild Remembered Sets
[2022-10-12T11:22:31.682+0000][0.772s] GC(3) Concurrent Rebuild Remembered Sets 10.264ms
[2022-10-12T11:22:31.683+0000][0.772s] GC(3) Pause Cleanup
[2022-10-12T11:22:31.683+0000][0.772s] GC(3) Pause Cleanup 29M->29M(512M) 0.215ms
[2022-10-12T11:22:31.683+0000][0.772s] GC(3) User=0.00s Sys=0.00s Real=0.00s
[2022-10-12T11:22:31.683+0000][0.772s] GC(3) Concurrent Cleanup for Next Mark
[2022-10-12T11:22:31.684+0000][0.773s] GC(3) Concurrent Cleanup for Next Mark 0.360ms
[2022-10-12T11:22:31.684+0000][0.773s] GC(3) Concurrent Cycle 29.342ms
[2022-10-12T11:22:31.914+0000][1.003s] GC(4) Pause Young (Concurrent Start) (G1 Evacuation Pause)
[2022-10-12T11:22:31.914+0000][1.003s] GC(4) Using 4 workers of 4 for evacuation
[2022-10-12T11:22:31.919+0000][1.008s] GC(4)   Pre Evacuate Collection Set: 0.1ms
[2022-10-12T11:22:31.919+0000][1.008s] GC(4)   Evacuate Collection Set: 2.1ms
[2022-10-12T11:22:31.919+0000][1.008s] GC(4)   Post Evacuate Collection Set: 2.2ms
[2022-10-12T11:22:31.919+0000][1.008s] GC(4)   Other: 0.5ms
[2022-10-12T11:22:31.919+0000][1.009s] GC(4) Eden regions: 45->0(64)
[2022-10-12T11:22:31.919+0000][1.009s] GC(4) Survivor regions: 1->2(6)
[2022-10-12T11:22:31.919+0000][1.009s] GC(4) Old regions: 21->21
[2022-10-12T11:22:31.920+0000][1.009s] GC(4) Humongous regions: 4->4
[2022-10-12T11:22:31.920+0000][1.009s] GC(4) Metaspace: 26164K->26164K(1073152K)
[2022-10-12T11:22:31.920+0000][1.009s] GC(4) Pause Young (Concurrent Start) (G1 Evacuation Pause) 69M->25M(512M) 5.889ms
[2022-10-12T11:22:31.920+0000][1.009s] GC(4) User=0.01s Sys=0.01s Real=0.01s
[2022-10-12T11:22:31.920+0000][1.009s] GC(5) Concurrent Cycle
[2022-10-12T11:22:31.920+0000][1.009s] GC(5) Concurrent Clear Claimed Marks
[2022-10-12T11:22:31.920+0000][1.010s] GC(5) Concurrent Clear Claimed Marks 0.099ms
[2022-10-12T11:22:31.920+0000][1.010s] GC(5) Concurrent Scan Root Regions
[2022-10-12T11:22:31.921+0000][1.011s] GC(5) Concurrent Scan Root Regions 0.977ms
[2022-10-12T11:22:31.921+0000][1.011s] GC(5) Concurrent Mark (1.011s)
[2022-10-12T11:22:31.921+0000][1.011s] GC(5) Concurrent Mark From Roots
[2022-10-12T11:22:31.922+0000][1.011s] GC(5) Using 1 workers of 1 for marking
[2022-10-12T11:22:31.949+0000][1.038s] GC(5) Concurrent Mark From Roots 27.330ms
[2022-10-12T11:22:31.949+0000][1.038s] GC(5) Concurrent Preclean
[2022-10-12T11:22:31.949+0000][1.039s] GC(5) Concurrent Preclean 0.186ms
[2022-10-12T11:22:31.949+0000][1.039s] GC(5) Concurrent Mark (1.011s, 1.039s) 27.954ms
[2022-10-12T11:22:31.950+0000][1.039s] GC(5) Pause Remark
[2022-10-12T11:22:31.952+0000][1.041s] GC(5) Cleaned string and symbol table, strings: 11950 processed, 25 removed, symbols: 77927 processed, 36 removed
[2022-10-12T11:22:31.952+0000][1.042s] GC(5) Pause Remark 28M->28M(512M) 2.607ms
[2022-10-12T11:22:31.952+0000][1.042s] GC(5) User=0.01s Sys=0.00s Real=0.00s
[2022-10-12T11:22:31.952+0000][1.042s] GC(5) Concurrent Rebuild Remembered Sets
[2022-10-12T11:22:31.960+0000][1.050s] GC(5) Concurrent Rebuild Remembered Sets 7.854ms
[2022-10-12T11:22:31.962+0000][1.051s] GC(5) Pause Cleanup
[2022-10-12T11:22:31.962+0000][1.051s] GC(5) Pause Cleanup 30M->30M(512M) 0.228ms
[2022-10-12T11:22:31.962+0000][1.051s] GC(5) User=0.00s Sys=0.00s Real=0.00s
[2022-10-12T11:22:31.962+0000][1.051s] GC(5) Concurrent Cleanup for Next Mark
[2022-10-12T11:22:31.962+0000][1.052s] GC(5) Concurrent Cleanup for Next Mark 0.339ms
[2022-10-12T11:22:31.963+0000][1.052s] GC(5) Concurrent Cycle 42.727ms
[2022-10-12T11:22:32.203+0000][1.292s] GC(6) Pause Young (Normal) (G1 Evacuation Pause)
[2022-10-12T11:22:32.203+0000][1.292s] GC(6) Using 4 workers of 4 for evacuation
[2022-10-12T11:22:32.207+0000][1.297s] GC(6)   Pre Evacuate Collection Set: 0.0ms
[2022-10-12T11:22:32.208+0000][1.297s] GC(6)   Evacuate Collection Set: 3.6ms
[2022-10-12T11:22:32.208+0000][1.297s] GC(6)   Post Evacuate Collection Set: 0.4ms
[2022-10-12T11:22:32.208+0000][1.297s] GC(6)   Other: 0.4ms
[2022-10-12T11:22:32.208+0000][1.297s] GC(6) Eden regions: 64->0(82)
[2022-10-12T11:22:32.208+0000][1.297s] GC(6) Survivor regions: 2->6(9)
[2022-10-12T11:22:32.208+0000][1.297s] GC(6) Old regions: 21->21
[2022-10-12T11:22:32.208+0000][1.297s] GC(6) Humongous regions: 4->4
[2022-10-12T11:22:32.208+0000][1.297s] GC(6) Metaspace: 33147K->33147K(1079296K)
[2022-10-12T11:22:32.208+0000][1.297s] GC(6) Pause Young (Normal) (G1 Evacuation Pause) 89M->28M(512M) 5.182ms
[2022-10-12T11:22:32.208+0000][1.297s] GC(6) User=0.01s Sys=0.00s Real=0.01s
[2022-10-12T11:22:32.518+0000][1.607s] GC(7) Pause Young (Normal) (G1 Evacuation Pause)
[2022-10-12T11:22:32.518+0000][1.607s] GC(7) Using 4 workers of 4 for evacuation
[2022-10-12T11:22:32.523+0000][1.613s] GC(7)   Pre Evacuate Collection Set: 0.0ms
[2022-10-12T11:22:32.524+0000][1.613s] GC(7)   Evacuate Collection Set: 4.6ms
[2022-10-12T11:22:32.524+0000][1.613s] GC(7)   Post Evacuate Collection Set: 0.4ms
[2022-10-12T11:22:32.524+0000][1.613s] GC(7)   Other: 0.4ms
[2022-10-12T11:22:32.524+0000][1.613s] GC(7) Eden regions: 82->0(167)
[2022-10-12T11:22:32.524+0000][1.613s] GC(7) Survivor regions: 6->9(11)
[2022-10-12T11:22:32.524+0000][1.613s] GC(7) Old regions: 21->21
[2022-10-12T11:22:32.524+0000][1.614s] GC(7) Humongous regions: 5->4
[2022-10-12T11:22:32.524+0000][1.614s] GC(7) Metaspace: 39038K->39038K(1085440K)
[2022-10-12T11:22:32.524+0000][1.614s] GC(7) Pause Young (Normal) (G1 Evacuation Pause) 111M->32M(512M) 6.529ms
[2022-10-12T11:22:32.525+0000][1.614s] GC(7) User=0.01s Sys=0.00s Real=0.01s
[2022-10-12T11:22:34.592+0000][3.681s] GC(8) Pause Young (Concurrent Start) (Metadata GC Threshold)
[2022-10-12T11:22:34.592+0000][3.681s] GC(8) Using 4 workers of 4 for evacuation
[2022-10-12T11:22:34.612+0000][3.702s] GC(8)   Pre Evacuate Collection Set: 0.3ms
[2022-10-12T11:22:34.613+0000][3.702s] GC(8)   Evacuate Collection Set: 18.5ms
[2022-10-12T11:22:34.613+0000][3.702s] GC(8)   Post Evacuate Collection Set: 0.8ms
[2022-10-12T11:22:34.613+0000][3.702s] GC(8)   Other: 1.0ms
[2022-10-12T11:22:34.613+0000][3.702s] GC(8) Eden regions: 109->0(206)
[2022-10-12T11:22:34.613+0000][3.703s] GC(8) Survivor regions: 9->14(22)
[2022-10-12T11:22:34.613+0000][3.703s] GC(8) Old regions: 21->21
[2022-10-12T11:22:34.614+0000][3.703s] GC(8) Humongous regions: 4->4
[2022-10-12T11:22:34.614+0000][3.703s] GC(8) Metaspace: 45125K->45125K(1089536K)
[2022-10-12T11:22:34.614+0000][3.703s] GC(8) Pause Young (Concurrent Start) (Metadata GC Threshold) 141M->37M(512M) 22.276ms
[2022-10-12T11:22:34.614+0000][3.703s] GC(8) User=0.04s Sys=0.01s Real=0.02s
[2022-10-12T11:22:34.614+0000][3.703s] GC(9) Concurrent Cycle
[2022-10-12T11:22:34.614+0000][3.704s] GC(9) Concurrent Clear Claimed Marks
[2022-10-12T11:22:34.615+0000][3.704s] GC(9) Concurrent Clear Claimed Marks 0.357ms
[2022-10-12T11:22:34.615+0000][3.704s] GC(9) Concurrent Scan Root Regions
[2022-10-12T11:22:34.622+0000][3.711s] GC(9) Concurrent Scan Root Regions 6.731ms
[2022-10-12T11:22:34.622+0000][3.711s] GC(9) Concurrent Mark (3.711s)
[2022-10-12T11:22:34.622+0000][3.711s] GC(9) Concurrent Mark From Roots
[2022-10-12T11:22:34.622+0000][3.711s] GC(9) Using 1 workers of 1 for marking
[2022-10-12T11:22:34.638+0000][3.728s] GC(9) Concurrent Mark From Roots 16.232ms
[2022-10-12T11:22:34.638+0000][3.728s] GC(9) Concurrent Preclean
[2022-10-12T11:22:34.639+0000][3.728s] GC(9) Concurrent Preclean 0.141ms
[2022-10-12T11:22:34.639+0000][3.728s] GC(9) Concurrent Mark (3.711s, 3.728s) 16.831ms
[2022-10-12T11:22:34.639+0000][3.728s] GC(9) Pause Remark
[2022-10-12T11:22:34.643+0000][3.732s] GC(9) Cleaned string and symbol table, strings: 22214 processed, 1 removed, symbols: 131006 processed, 588 removed
[2022-10-12T11:22:34.643+0000][3.732s] GC(9) Pause Remark 41M->41M(512M) 4.150ms
[2022-10-12T11:22:34.643+0000][3.733s] GC(9) User=0.01s Sys=0.00s Real=0.00s
[2022-10-12T11:22:34.643+0000][3.733s] GC(9) Concurrent Rebuild Remembered Sets
[2022-10-12T11:22:34.652+0000][3.741s] GC(9) Concurrent Rebuild Remembered Sets 8.581ms
[2022-10-12T11:22:34.652+0000][3.742s] GC(9) Pause Cleanup
[2022-10-12T11:22:34.652+0000][3.742s] GC(9) Pause Cleanup 43M->43M(512M) 0.214ms
[2022-10-12T11:22:34.653+0000][3.742s] GC(9) User=0.00s Sys=0.00s Real=0.00s
[2022-10-12T11:22:34.653+0000][3.742s] GC(9) Concurrent Cleanup for Next Mark
[2022-10-12T11:22:34.653+0000][3.742s] GC(9) Concurrent Cleanup for Next Mark 0.327ms
[2022-10-12T11:22:34.653+0000][3.742s] GC(9) Concurrent Cycle 38.921ms
[2022-10-12T11:22:52.355+0000][21.446s] Heap
[2022-10-12T11:22:52.357+0000][21.447s]  garbage-first heap   total 524288K, used 87655K [0x00000000e0000000, 0x0000000100000000)
[2022-10-12T11:22:52.358+0000][21.448s]   region size 1024K, 63 young (64512K), 14 survivors (14336K)
[2022-10-12T11:22:52.360+0000][21.451s]  Metaspace       used 46589K, capacity 47807K, committed 47992K, reserved 1091584K
[2022-10-12T11:22:52.362+0000][21.453s]   class space    used 5711K, capacity 6208K, committed 6272K, reserved 1048576K
